Component: ARM Compiler 5.06 update 6 (build 750) Tool: armlink [4d35ed]

==============================================================================

Section Cross References

    startup_stm32f407xx.o(RESET) refers to startup_stm32f407xx.o(STACK) for __initial_sp
    startup_stm32f407xx.o(RESET) refers to startup_stm32f407xx.o(.text) for Reset_Handler
    startup_stm32f407xx.o(RESET) refers to stm32f4xx_it.o(i.NMI_Handler) for NMI_Handler
    startup_stm32f407xx.o(RESET) refers to stm32f4xx_it.o(i.HardFault_Handler) for HardFault_Handler
    startup_stm32f407xx.o(RESET) refers to stm32f4xx_it.o(i.MemManage_Handler) for MemManage_Handler
    startup_stm32f407xx.o(RESET) refers to stm32f4xx_it.o(i.BusFault_Handler) for BusFault_Handler
    startup_stm32f407xx.o(RESET) refers to stm32f4xx_it.o(i.UsageFault_Handler) for UsageFault_Handler
    startup_stm32f407xx.o(RESET) refers to stm32f4xx_it.o(i.SVC_Handler) for SVC_Handler
    startup_stm32f407xx.o(RESET) refers to stm32f4xx_it.o(i.DebugMon_Handler) for DebugMon_Handler
    startup_stm32f407xx.o(RESET) refers to stm32f4xx_it.o(i.PendSV_Handler) for PendSV_Handler
    startup_stm32f407xx.o(RESET) refers to stm32f4xx_it.o(i.SysTick_Handler) for SysTick_Handler
    startup_stm32f407xx.o(RESET) refers to stm32f4xx_it.o(i.TIM1_UP_TIM10_IRQHandler) for TIM1_UP_TIM10_IRQHandler
    startup_stm32f407xx.o(RESET) refers to stm32f4xx_it.o(i.USART2_IRQHandler) for USART2_IRQHandler
    startup_stm32f407xx.o(RESET) refers to stm32f4xx_it.o(i.USART3_IRQHandler) for USART3_IRQHandler
    startup_stm32f407xx.o(RESET) refers to stm32f4xx_it.o(i.EXTI15_10_IRQHandler) for EXTI15_10_IRQHandler
    startup_stm32f407xx.o(RESET) refers to stm32f4xx_it.o(i.UART4_IRQHandler) for UART4_IRQHandler
    startup_stm32f407xx.o(.text) refers to system_stm32f4xx.o(i.SystemInit) for SystemInit
    startup_stm32f407xx.o(.text) refers to entry.o(.ARM.Collect$$$$00000000) for __main
    seekfree_18tft.o(i.lcd_clear) refers to seekfree_18tft.o(i.lcd_set_region) for lcd_set_region
    seekfree_18tft.o(i.lcd_clear) refers to seekfree_18tft.o(i.lcd_writedata_16bit) for lcd_writedata_16bit
    seekfree_18tft.o(i.lcd_display_chinese) refers to seekfree_18tft.o(i.lcd_set_region) for lcd_set_region
    seekfree_18tft.o(i.lcd_display_chinese) refers to seekfree_18tft.o(i.lcd_writedata_16bit) for lcd_writedata_16bit
    seekfree_18tft.o(i.lcd_displayimage032) refers to seekfree_18tft.o(i.lcd_set_region) for lcd_set_region
    seekfree_18tft.o(i.lcd_displayimage032) refers to seekfree_18tft.o(i.lcd_writedata_16bit) for lcd_writedata_16bit
    seekfree_18tft.o(i.lcd_displayimage032_zoom) refers to seekfree_18tft.o(i.lcd_set_region) for lcd_set_region
    seekfree_18tft.o(i.lcd_displayimage032_zoom) refers to seekfree_18tft.o(i.lcd_writedata_16bit) for lcd_writedata_16bit
    seekfree_18tft.o(i.lcd_displayimage7725) refers to seekfree_18tft.o(i.lcd_set_region) for lcd_set_region
    seekfree_18tft.o(i.lcd_displayimage7725) refers to seekfree_18tft.o(i.lcd_writedata_16bit) for lcd_writedata_16bit
    seekfree_18tft.o(i.lcd_drawpoint) refers to seekfree_18tft.o(i.lcd_set_region) for lcd_set_region
    seekfree_18tft.o(i.lcd_drawpoint) refers to seekfree_18tft.o(i.lcd_writedata_16bit) for lcd_writedata_16bit
    seekfree_18tft.o(i.lcd_init) refers to stm32f4xx_hal_gpio.o(i.HAL_GPIO_WritePin) for HAL_GPIO_WritePin
    seekfree_18tft.o(i.lcd_init) refers to stm32f4xx_hal.o(i.HAL_Delay) for HAL_Delay
    seekfree_18tft.o(i.lcd_init) refers to seekfree_18tft.o(i.lcd_writeIndex) for lcd_writeIndex
    seekfree_18tft.o(i.lcd_init) refers to seekfree_18tft.o(i.lcd_writeData) for lcd_writeData
    seekfree_18tft.o(i.lcd_init) refers to seekfree_18tft.o(i.lcd_clear) for lcd_clear
    seekfree_18tft.o(i.lcd_set_region) refers to seekfree_18tft.o(i.lcd_writeIndex) for lcd_writeIndex
    seekfree_18tft.o(i.lcd_set_region) refers to seekfree_18tft.o(i.lcd_writeData) for lcd_writeData
    seekfree_18tft.o(i.lcd_showchar) refers to seekfree_18tft.o(i.lcd_set_region) for lcd_set_region
    seekfree_18tft.o(i.lcd_showchar) refers to seekfree_18tft.o(i.lcd_writedata_16bit) for lcd_writedata_16bit
    seekfree_18tft.o(i.lcd_showchar) refers to seekfree_font.o(.constdata) for tft_ascii
    seekfree_18tft.o(i.lcd_showint16) refers to seekfree_18tft.o(i.lcd_showchar) for lcd_showchar
    seekfree_18tft.o(i.lcd_showint8) refers to seekfree_18tft.o(i.lcd_showchar) for lcd_showchar
    seekfree_18tft.o(i.lcd_showstr) refers to seekfree_18tft.o(i.lcd_showchar) for lcd_showchar
    seekfree_18tft.o(i.lcd_showuint16) refers to seekfree_18tft.o(i.lcd_showchar) for lcd_showchar
    seekfree_18tft.o(i.lcd_showuint8) refers to seekfree_18tft.o(i.lcd_showchar) for lcd_showchar
    seekfree_18tft.o(i.lcd_writeData) refers to stm32f4xx_hal_gpio.o(i.HAL_GPIO_WritePin) for HAL_GPIO_WritePin
    seekfree_18tft.o(i.lcd_writeIndex) refers to stm32f4xx_hal_gpio.o(i.HAL_GPIO_WritePin) for HAL_GPIO_WritePin
[...]
    Removing stm32f4xx_hal_cortex.o(i.HAL_SYSTICK_Callback), (2 bytes).
    Removing stm32f4xx_hal_cortex.o(i.HAL_SYSTICK_IRQHandler), (8 bytes).
    Removing stm32f4xx_hal.o(.rev16_text), (4 bytes).
    Removing stm32f4xx_hal.o(.revsh_text), (4 bytes).
    Removing stm32f4xx_hal.o(.rrx_text), (6 bytes).
    Removing stm32f4xx_hal.o(i.HAL_DBGMCU_DisableDBGSleepMode), (16 bytes).
    Removing stm32f4xx_hal.o(i.HAL_DBGMCU_DisableDBGStandbyMode), (16 bytes).
    Removing stm32f4xx_hal.o(i.HAL_DBGMCU_DisableDBGStopMode), (16 bytes).
    Removing stm32f4xx_hal.o(i.HAL_DBGMCU_EnableDBGSleepMode), (16 bytes).
    Removing stm32f4xx_hal.o(i.HAL_DBGMCU_EnableDBGStandbyMode), (16 bytes).
    Removing stm32f4xx_hal.o(i.HAL_DBGMCU_EnableDBGStopMode), (16 bytes).
    Removing stm32f4xx_hal.o(i.HAL_DeInit), (52 bytes).
    Removing stm32f4xx_hal.o(i.HAL_DisableCompensationCell), (12 bytes).
    Removing stm32f4xx_hal.o(i.HAL_EnableCompensationCell), (12 bytes).
    Removing stm32f4xx_hal.o(i.HAL_GetDEVID), (16 bytes).
    Removing stm32f4xx_hal.o(i.HAL_GetHalVersion), (6 bytes).
    Removing stm32f4xx_hal.o(i.HAL_GetREVID), (12 bytes).
    Removing stm32f4xx_hal.o(i.HAL_GetTickFreq), (12 bytes).
    Removing stm32f4xx_hal.o(i.HAL_GetTickPrio), (12 bytes).
    Removing stm32f4xx_hal.o(i.HAL_GetUIDw0), (12 bytes).
    Removing stm32f4xx_hal.o(i.HAL_GetUIDw1), (12 bytes).
    Removing stm32f4xx_hal.o(i.HAL_GetUIDw2), (12 bytes).
    Removing stm32f4xx_hal.o(i.HAL_MspDeInit), (2 bytes).
    Removing stm32f4xx_hal.o(i.HAL_MspInit), (2 bytes).
    Removing stm32f4xx_hal.o(i.HAL_ResumeTick), (14 bytes).
    Removing stm32f4xx_hal.o(i.HAL_SetTickFreq), (36 bytes).
    Removing stm32f4xx_hal.o(i.HAL_SuspendTick), (14 bytes).
    Removing stm32f4xx_hal_exti.o(.rev16_text), (4 bytes).
    Removing stm32f4xx_hal_exti.o(.revsh_text), (4 bytes).
    Removing stm32f4xx_hal_exti.o(.rrx_text), (6 bytes).
    Removing stm32f4xx_hal_exti.o(i.HAL_EXTI_ClearConfigLine), (108 bytes).
    Removing stm32f4xx_hal_exti.o(i.HAL_EXTI_ClearPending), (20 bytes).
    Removing stm32f4xx_hal_exti.o(i.HAL_EXTI_GenerateSWI), (20 bytes).
    Removing stm32f4xx_hal_exti.o(i.HAL_EXTI_GetConfigLine), (148 bytes).
    Removing stm32f4xx_hal_exti.o(i.HAL_EXTI_GetHandle), (12 bytes).
    Removing stm32f4xx_hal_exti.o(i.HAL_EXTI_GetPending), (24 bytes).
    Removing stm32f4xx_hal_exti.o(i.HAL_EXTI_IRQHandler), (36 bytes).
    Removing stm32f4xx_hal_exti.o(i.HAL_EXTI_RegisterCallback), (14 bytes).
    Removing stm32f4xx_hal_exti.o(i.HAL_EXTI_SetConfigLine), (168 bytes).
    Removing stm32f4xx_hal_uart.o(.rev16_text), (4 bytes).
    Removing stm32f4xx_hal_uart.o(.revsh_text), (4 bytes).
    Removing stm32f4xx_hal_uart.o(.rrx_text), (6 bytes).
    Removing stm32f4xx_hal_uart.o(i.HAL_HalfDuplex_EnableReceiver), (50 bytes).
    Removing stm32f4xx_hal_uart.o(i.HAL_HalfDuplex_EnableTransmitter), (50 bytes).
    Removing stm32f4xx_hal_uart.o(i.HAL_HalfDuplex_Init), (108 bytes).
    Removing stm32f4xx_hal_uart.o(i.HAL_LIN_Init), (128 bytes).
    Removing stm32f4xx_hal_uart.o(i.HAL_LIN_SendBreak), (60 bytes).
    Removing stm32f4xx_hal_uart.o(i.HAL_MultiProcessor_EnterMuteMode), (60 bytes).
    Removing stm32f4xx_hal_uart.o(i.HAL_MultiProcessor_ExitMuteMode), (60 bytes).
    Removing stm32f4xx_hal_uart.o(i.HAL_MultiProcessor_Init), (142 bytes).
    Removing stm32f4xx_hal_uart.o(i.HAL_UARTEx_ReceiveToIdle), (254 bytes).
    Removing stm32f4xx_hal_uart.o(i.HAL_UARTEx_ReceiveToIdle_DMA), (86 bytes).
    Removing stm32f4xx_hal_uart.o(i.HAL_UARTEx_ReceiveToIdle_IT), (86 bytes).
    Removing stm32f4xx_hal_uart.o(i.HAL_UART_Abort), (210 bytes).
    Removing stm32f4xx_hal_uart.o(i.HAL_UART_AbortCpltCallback), (2 bytes).
    Removing stm32f4xx_hal_uart.o(i.HAL_UART_AbortReceive), (148 bytes).
    Removing stm32f4xx_hal_uart.o(i.HAL_UART_AbortReceiveCpltCallback), (2 bytes).
    Removing stm32f4xx_hal_uart.o(i.HAL_UART_AbortReceive_IT), (152 bytes).
    Removing stm32f4xx_hal_uart.o(i.HAL_UART_AbortTransmit), (98 bytes).
    Removing stm32f4xx_hal_uart.o(i.HAL_UART_AbortTransmitCpltCallback), (2 bytes).
    Removing stm32f4xx_hal_uart.o(i.HAL_UART_AbortTransmit_IT), (104 bytes).
    Removing stm32f4xx_hal_uart.o(i.HAL_UART_Abort_IT), (244 bytes).
    Removing stm32f4xx_hal_uart.o(i.HAL_UART_DMAPause), (146 bytes).
    Removing stm32f4xx_hal_uart.o(i.HAL_UART_DMAResume), (140 bytes).
    Removing stm32f4xx_hal_uart.o(i.HAL_UART_DMAStop), (112 bytes).
    Removing stm32f4xx_hal_uart.o(i.HAL_UART_DeInit), (52 bytes).
    Removing stm32f4xx_hal_uart.o(i.HAL_UART_GetError), (4 bytes).
    Removing stm32f4xx_hal_uart.o(i.HAL_UART_GetState), (10 bytes).
    Removing stm32f4xx_hal_uart.o(i.HAL_UART_MspDeInit), (2 bytes).
    Removing stm32f4xx_hal_uart.o(i.HAL_UART_MspInit), (2 bytes).
    Removing stm32f4xx_hal_uart.o(i.HAL_UART_Receive), (192 bytes).
    Removing stm32f4xx_hal_uart.o(i.HAL_UART_Receive_DMA), (42 bytes).
    Removing stm32f4xx_hal_uart.o(i.HAL_UART_RxCpltCallback), (2 bytes).
    Removing stm32f4xx_hal_uart.o(i.HAL_UART_RxHalfCpltCallback), (2 bytes).
    Removing stm32f4xx_hal_uart.o(i.HAL_UART_Transmit_DMA), (140 bytes).
    Removing stm32f4xx_hal_uart.o(i.HAL_UART_Transmit_IT), (62 bytes).
    Removing stm32f4xx_hal_uart.o(i.HAL_UART_TxHalfCpltCallback), (2 bytes).
    Removing stm32f4xx_hal_uart.o(i.UART_DMAError), (74 bytes).
    Removing stm32f4xx_hal_uart.o(i.UART_DMAReceiveCplt), (130 bytes).
    Removing stm32f4xx_hal_uart.o(i.UART_DMARxAbortCallback), (44 bytes).
    Removing stm32f4xx_hal_uart.o(i.UART_DMARxHalfCplt), (26 bytes).
    Removing stm32f4xx_hal_uart.o(i.UART_DMARxOnlyAbortCallback), (22 bytes).
    Removing stm32f4xx_hal_uart.o(i.UART_DMATransmitCplt), (66 bytes).
    Removing stm32f4xx_hal_uart.o(i.UART_DMATxAbortCallback), (44 bytes).
    Removing stm32f4xx_hal_uart.o(i.UART_DMATxHalfCplt), (10 bytes).
    Removing stm32f4xx_hal_uart.o(i.UART_DMATxOnlyAbortCallback), (20 bytes).
    Removing stm32f4xx_hal_uart.o(i.UART_EndTxTransfer), (28 bytes).
    Removing stm32f4xx_hal_uart.o(i.UART_Start_Receive_DMA), (148 bytes).
    Removing system_stm32f4xx.o(.rev16_text), (4 bytes).
    Removing system_stm32f4xx.o(.revsh_text), (4 bytes).
    Removing system_stm32f4xx.o(.rrx_text), (6 bytes).
    Removing system_stm32f4xx.o(i.SystemCoreClockUpdate), (124 bytes).
    Removing dneg.o(.text), (6 bytes).

456 unused section(s) (total 39201 bytes) removed from the image.

==============================================================================

Image Symbol Table

    Local Symbols

    Symbol Name                              Value     Ov Type        Size  Object(Section)

    ../Drivers/STM32F4xx_HAL_Driver/Src/stm32f4xx_hal.c 0x00000000   Number         0  stm32f4xx_hal.o ABSOLUTE
    ../Drivers/STM32F4xx_HAL_Driver/Src/stm32f4xx_hal_cortex.c 0x00000000   Number         0  stm32f4xx_hal_cortex.o ABSOLUTE
    ../Drivers/STM32F4xx_HAL_Driver/Src/stm32f4xx_hal_dma.c 0x00000000   Number         0  stm32f4xx_hal_dma.o ABSOLUTE
    ../Drivers/STM32F4xx_HAL_Driver/Src/stm32f4xx_hal_dma_ex.c 0x00000000   Number         0  stm32f4xx_hal_dma_ex.o ABSOLUTE
    ../Drivers/STM32F4xx_HAL_Driver/Src/stm32f4xx_hal_exti.c 0x00000000   Number         0  stm32f4xx_hal_exti.o ABSOLUTE
    ../Drivers/STM32F4xx_HAL_Driver/Src/stm32f4xx_hal_flash.c 0x00000000   Number         0  stm32f4xx_hal_flash.o ABSOLUTE
    ../Drivers/STM32F4xx_HAL_Driver/Src/stm32f4xx_hal_flash_ex.c 0x00000000   Number         0  stm32f4xx_hal_flash_ex.o ABSOLUTE
    ../Drivers/STM32F4xx_HAL_Driver/Src/stm32f4xx_hal_flash_ramfunc.c 0x00000000   Number         0  stm32f4xx_hal_flash_ramfunc.o ABSOLUTE
    ../Drivers/STM32F4xx_HAL_Driver/Src/stm32f4xx_hal_gpio.c 0x00000000   Number         0  stm32f4xx_hal_gpio.o ABSOLUTE
    ../Drivers/STM32F4xx_HAL_Driver/Src/stm32f4xx_hal_pwr.c 0x00000000   Number         0  stm32f4xx_hal_pwr.o ABSOLUTE
    ../Drivers/STM32F4xx_HAL_Driver/Src/stm32f4xx_hal_pwr_ex.c 0x00000000   Number         0  stm32f4xx_hal_pwr_ex.o ABSOLUTE
    ../Drivers/STM32F4xx_HAL_Driver/Src/stm32f4xx_hal_rcc.c 0x00000000   Number         0  stm32f4xx_hal_rcc.o ABSOLUTE
    ../Drivers/STM32F4xx_HAL_Driver/Src/stm32f4xx_hal_rcc_ex.c 0x00000000   Number         0  stm32f4xx_hal_rcc_ex.o ABSOLUTE
    ../Drivers/STM32F4xx_HAL_Driver/Src/stm32f4xx_hal_tim.c 0x00000000   Number         0  stm32f4xx_hal_tim.o ABSOLUTE
    ../Drivers/STM32F4xx_HAL_Driver/Src/stm32f4xx_hal_tim_ex.c 0x00000000   Number         0  stm32f4xx_hal_tim_ex.o ABSOLUTE
    ../Drivers/STM32F4xx_HAL_Driver/Src/stm32f4xx_hal_uart.c 0x00000000   Number         0  stm32f4xx_hal_uart.o ABSOLUTE
    ../Src/gpio.c                            0x00000000   Number         0  gpio.o ABSOLUTE
    ../Src/main.c                            0x00000000   Number         0  main.o ABSOLUTE
    ../Src/stm32f4xx_hal_msp.c               0x00000000   Number         0  stm32f4xx_hal_msp.o ABSOLUTE
    ../Src/stm32f4xx_it.c                    0x00000000   Number         0  stm32f4xx_it.o ABSOLUTE
    ../Src/system_stm32f4xx.c                0x00000000   Number         0  system_stm32f4xx.o ABSOLUTE
    ../Src/tim.c                             0x00000000   Number         0  tim.o ABSOLUTE
    ../Src/usart.c                           0x00000000   Number         0  usart.o ABSOLUTE
    ../clib/microlib/division.c              0x00000000   Number         0  uldiv.o ABSOLUTE
    ../clib/microlib/errno.c                 0x00000000   Number         0  errno.o ABSOLUTE
    ../clib/microlib/init/entry.s            0x00000000   Number         0  entry8b.o ABSOLUTE
    ../clib/microlib/init/entry.s            0x00000000   Number         0  entry7b.o ABSOLUTE
    ../clib/microlib/init/entry.s            0x00000000   Number         0  entry10a.o ABSOLUTE
    ../clib/microlib/init/entry.s            0x00000000   Number         0  entry9b.o ABSOLUTE
    ../clib/microlib/init/entry.s            0x00000000   Number         0  entry9a.o ABSOLUTE
    ../clib/microlib/init/entry.s            0x00000000   Number         0  entry8a.o ABSOLUTE
    ../clib/microlib/init/entry.s            0x00000000   Number         0  entry7a.o ABSOLUTE
    ../clib/microlib/init/entry.s            0x00000000   Number         0  entry5.o ABSOLUTE
    ../clib/microlib/init/entry.s            0x00000000   Number         0  entry.o ABSOLUTE
    ../clib/microlib/init/entry.s            0x00000000   Number         0  entry2.o ABSOLUTE
    ../clib/microlib/init/entry.s            0x00000000   Number         0  entry11b.o ABSOLUTE
    ../clib/microlib/init/entry.s            0x00000000   Number         0  entry11a.o ABSOLUTE
    ../clib/microlib/init/entry.s            0x00000000   Number         0  entry10b.o ABSOLUTE
    ../clib/microlib/longlong.c              0x00000000   Number         0  llushr.o ABSOLUTE
    ../clib/microlib/longlong.c              0x00000000   Number         0  llsshr.o ABSOLUTE
    ../clib/microlib/longlong.c              0x00000000   Number         0  llshl.o ABSOLUTE
    ../clib/microlib/string/memset.c         0x00000000   Number         0  memseta.o ABSOLUTE
    ../clib/microlib/stubs.s                 0x00000000   Number         0  iusefp.o ABSOLUTE
    ../fplib/microlib/d2f.c                  0x00000000   Number         0  d2f.o ABSOLUTE
    ../fplib/microlib/f2d.c                  0x00000000   Number         0  f2d.o ABSOLUTE
    ../fplib/microlib/fpadd.c                0x00000000   Number         0  dadd.o ABSOLUTE
    ../fplib/microlib/fpdiv.c                0x00000000   Number         0  ddiv.o ABSOLUTE
    ../fplib/microlib/fpepilogue.c           0x00000000   Number         0  fepilogue.o ABSOLUTE
    ../fplib/microlib/fpepilogue.c           0x00000000   Number         0  depilogue.o ABSOLUTE
    ../fplib/microlib/fpflt.c                0x00000000   Number         0  dflti.o ABSOLUTE
    ../fplib/microlib/fpmul.c                0x00000000   Number         0  dmul.o ABSOLUTE
    ../fplib/microlib/fpneg.c                0x00000000   Number         0  dneg.o ABSOLUTE
    ../mathlib/atan.c                        0x00000000   Number         0  atan_x.o ABSOLUTE
    ../mathlib/atan.c                        0x00000000   Number         0  atan.o ABSOLUTE
    ../mathlib/atan2.c                       0x00000000   Number         0  atan2_x.o ABSOLUTE
    ../mathlib/atan2.c                       0x00000000   Number         0  atan2.o ABSOLUTE
    ../mathlib/dunder.c                      0x00000000   Number         0  dunder.o ABSOLUTE
    ../mathlib/fabs.c                        0x00000000   Number         0  fabs.o ABSOLUTE
    ../mathlib/fpclassify.c                  0x00000000   Number         0  fpclassify.o ABSOLUTE
    ../mathlib/poly.c                        0x00000000   Number         0  poly.o ABSOLUTE
    ../mathlib/qnan.c                        0x00000000   Number         0  qnan.o ABSOLUTE
    ..\Drivers\STM32F4xx_HAL_Driver\Src\stm32f4xx_hal.c 0x00000000   Number         0  stm32f4xx_hal.o ABSOLUTE
    ..\Drivers\STM32F4xx_HAL_Driver\Src\stm32f4xx_hal_cortex.c 0x00000000   Number         0  stm32f4xx_hal_cortex.o ABSOLUTE
    ..\Drivers\STM32F4xx_HAL_Driver\Src\stm32f4xx_hal_dma.c 0x00000000   Number         0  stm32f4xx_hal_dma.o ABSOLUTE
    ..\Drivers\STM32F4xx_HAL_Driver\Src\stm32f4xx_hal_dma_ex.c 0x00000000   Number         0  stm32f4xx_hal_dma_ex.o ABSOLUTE
    ..\Drivers\STM32F4xx_HAL_Driver\Src\stm32f4xx_hal_exti.c 0x00000000   Number         0  stm32f4xx_hal_exti.o ABSOLUTE
    ..\Drivers\STM32F4xx_HAL_Driver\Src\stm32f4xx_hal_flash.c 0x00000000   Number         0  stm32f4xx_hal_flash.o ABSOLUTE
    ..\Drivers\STM32F4xx_HAL_Driver\Src\stm32f4xx_hal_flash_ex.c 0x00000000   Number         0  stm32f4xx_hal_flash_ex.o ABSOLUTE
    ..\Drivers\STM32F4xx_HAL_Driver\Src\stm32f4xx_hal_flash_ramfunc.c 0x00000000   Number         0  stm32f4xx_hal_flash_ramfunc.o ABSOLUTE
    ..\Drivers\STM32F4xx_HAL_Driver\Src\stm32f4xx_hal_gpio.c 0x00000000   Number         0  stm32f4xx_hal_gpio.o ABSOLUTE
    ..\Drivers\STM32F4xx_HAL_Driver\Src\stm32f4xx_hal_pwr.c 0x00000000   Number         0  stm32f4xx_hal_pwr.o ABSOLUTE
    ..\Drivers\STM32F4xx_HAL_Driver\Src\stm32f4xx_hal_pwr_ex.c 0x00000000   Number         0  stm32f4xx_hal_pwr_ex.o ABSOLUTE
    ..\Drivers\STM32F4xx_HAL_Driver\Src\stm32f4xx_hal_rcc.c 0x00000000   Number         0  stm32f4xx_hal_rcc.o ABSOLUTE
    ..\Drivers\STM32F4xx_HAL_Driver\Src\stm32f4xx_hal_rcc_ex.c 0x00000000   Number         0  stm32f4xx_hal_rcc_ex.o ABSOLUTE
    ..\Drivers\STM32F4xx_HAL_Driver\Src\stm32f4xx_hal_tim.c 0x00000000   Number         0  stm32f4xx_hal_tim.o ABSOLUTE
    ..\Drivers\STM32F4xx_HAL_Driver\Src\stm32f4xx_hal_tim_ex.c 0x00000000   Number         0  stm32f4xx_hal_tim_ex.o ABSOLUTE
    ..\Drivers\STM32F4xx_HAL_Driver\Src\stm32f4xx_hal_uart.c 0x00000000   Number         0  stm32f4xx_hal_uart.o ABSOLUTE
    ..\Src\SEEKFREE_18TFT.c                  0x00000000   Number         0  seekfree_18tft.o ABSOLUTE
    ..\Src\SEEKFREE_FONT.c                   0x00000000   Number         0  seekfree_font.o ABSOLUTE
    ..\Src\SEEKFREE_IIC.c                    0x00000000   Number         0  seekfree_iic.o ABSOLUTE
    ..\Src\SEEKFREE_MPU6050.c                0x00000000   Number         0  seekfree_mpu6050.o ABSOLUTE
    ..\Src\balance.c                         0x00000000   Number         0  balance.o ABSOLUTE
    ..\Src\control.c                         0x00000000   Number         0  control.o ABSOLUTE
    ..\Src\gpio.c                            0x00000000   Number         0  gpio.o ABSOLUTE
    ..\Src\main.c                            0x00000000   Number         0  main.o ABSOLUTE
    ..\Src\menu.c                            0x00000000   Number         0  menu.o ABSOLUTE
    ..\Src\stm32f4xx_hal_msp.c               0x00000000   Number         0  stm32f4xx_hal_msp.o ABSOLUTE
    ..\Src\stm32f4xx_it.c                    0x00000000   Number         0  stm32f4xx_it.o ABSOLUTE
    ..\Src\system_stm32f4xx.c                0x00000000   Number         0  system_stm32f4xx.o ABSOLUTE
    ..\Src\tim.c                             0x00000000   Number         0  tim.o ABSOLUTE
    ..\Src\usart.c                           0x00000000   Number         0  usart.o ABSOLUTE
    ..\\Src\\SEEKFREE_18TFT.c                0x00000000   Number         0  seekfree_18tft.o ABSOLUTE
    ..\\Src\\SEEKFREE_FONT.c                 0x00000000   Number         0  seekfree_font.o ABSOLUTE
    ..\\Src\\SEEKFREE_IIC.c                  0x00000000   Number         0  seekfree_iic.o ABSOLUTE
    ..\\Src\\SEEKFREE_MPU6050.c              0x00000000   Number         0  seekfree_mpu6050.o ABSOLUTE
    ..\\Src\\balance.c                       0x00000000   Number         0  balance.o ABSOLUTE
    ..\\Src\\control.c                       0x00000000   Number         0  control.o ABSOLUTE
    ..\\Src\\menu.c                          0x00000000   Number         0  menu.o ABSOLUTE
    dc.s                                     0x00000000   Number         0  dc.o ABSOLUTE
    handlers.s                               0x00000000   Number         0  handlers.o ABSOLUTE
    init.s                                   0x00000000   Number         0  init.o ABSOLUTE
    startup_stm32f407xx.s                    0x00000000   Number         0  startup_stm32f407xx.o ABSOLUTE
    RESET                                    0x08000000   Section      392  startup_stm32f407xx.o(RESET)
    .ARM.Collect$$$$00000000                 0x08000188   Section        0  entry.o(.ARM.Collect$$$$00000000)
    .ARM.Collect$$$$00000001                 0x08000188   Section        4  entry2.o(.ARM.Collect$$$$00000001)
    .ARM.Collect$$$$00000004                 0x0800018c   Section        4  entry5.o(.ARM.Collect$$$$00000004)
    .ARM.Collect$$$$00000008                 0x08000190   Section        0  entry7b.o(.ARM.Collect$$$$00000008)
    .ARM.Collect$$$$0000000A                 0x08000190   Section        0  entry8b.o(.ARM.Collect$$$$0000000A)
    .ARM.Collect$$$$0000000B                 0x08000190   Section        8  entry9a.o(.ARM.Collect$$$$0000000B)
    .ARM.Collect$$$$0000000D                 0x08000198   Section        0  entry10a.o(.ARM.Collect$$$$0000000D)
    .ARM.Collect$$$$0000000F                 0x08000198   Section        0  entry11a.o(.ARM.Collect$$$$0000000F)
    .ARM.Collect$$$$00002712                 0x08000198   Section        4  entry2.o(.ARM.Collect$$$$00002712)
    __lit__00000000                          0x08000198   Data           4  entry2.o(.ARM.Collect$$$$00002712)
    .text                                    0x0800019c   Section       36  startup_stm32f407xx.o(.text)
    $v0                                      0x0800019c   Number         0  startup_stm32f407xx.o(.text)
    .text                                    0x080001c0   Section        0  uldiv.o(.text)
    .text                                    0x08000222   Section        0  memseta.o(.text)
    .text                                    0x08000246   Section        0  dadd.o(.text)
    .text                                    0x08000394   Section        0  dmul.o(.text)
    .text                                    0x08000478   Section        0  dflti.o(.text)
    .text                                    0x0800049a   Section        0  f2d.o(.text)
    .text                                    0x080004c0   Section        0  d2f.o(.text)
    .text                                    0x080004f8   Section        0  llshl.o(.text)
    .text                                    0x08000516   Section        0  llushr.o(.text)
    .text                                    0x08000536   Section        0  llsshr.o(.text)
    .text                                    0x0800055a   Section        0  fepilogue.o(.text)
    .text                                    0x0800055a   Section        0  iusefp.o(.text)
    .text                                    0x080005c8   Section        0  depilogue.o(.text)
    .text                                    0x08000682   Section        0  ddiv.o(.text)
    .text                                    0x08000760   Section       36  init.o(.text)
    i.BusFault_Handler                       0x08000784   Section        0  stm32f4xx_it.o(i.BusFault_Handler)
    i.DebugMon_Handler                       0x08000786   Section        0  stm32f4xx_it.o(i.DebugMon_Handler)
    i.EXTI15_10_IRQHandler                   0x08000788   Section        0  stm32f4xx_it.o(i.EXTI15_10_IRQHandler)
    i.Error_Handler                          0x0800079e   Section        0  main.o(i.Error_Handler)
    i.HAL_DMA_Abort                          0x080007a2   Section        0  stm32f4xx_hal_dma.o(i.HAL_DMA_Abort)
    i.HAL_DMA_Abort_IT                       0x08000834   Section        0  stm32f4xx_hal_dma.o(i.HAL_DMA_Abort_IT)
    i.HAL_Delay                              0x08000858   Section        0  stm32f4xx_hal.o(i.HAL_Delay)
    i.HAL_GPIO_EXTI_Callback                 0x0800087c   Section        0  gpio.o(i.HAL_GPIO_EXTI_Callback)
    i.HAL_GPIO_EXTI_IRQHandler               0x080008e4   Section        0  stm32f4xx_hal_gpio.o(i.HAL_GPIO_EXTI_IRQHandler)
    i.HAL_GPIO_Init                          0x080008fc   Section        0  stm32f4xx_hal_gpio.o(i.HAL_GPIO_Init)
    i.HAL_GPIO_ReadPin                       0x08000aec   Section        0  stm32f4xx_hal_gpio.o(i.HAL_GPIO_ReadPin)
    i.HAL_GPIO_WritePin                      0x08000af6   Section        0  stm32f4xx_hal_gpio.o(i.HAL_GPIO_WritePin)
    i.HAL_GetTick                            0x08000b00   Section        0  stm32f4xx_hal.o(i.HAL_GetTick)
    i.HAL_IncTick                            0x08000b0c   Section        0  stm32f4xx_hal.o(i.HAL_IncTick)
    i.HAL_Init                               0x08000b1c   Section        0  stm32f4xx_hal.o(i.HAL_Init)
    i.HAL_InitTick                           0x08000b50   Section        0  stm32f4xx_hal.o(i.HAL_InitTick)
    i.HAL_MspInit                            0x08000b90   Section        0  stm32f4xx_hal_msp.o(i.HAL_MspInit)
    i.HAL_NVIC_EnableIRQ                     0x08000bc0   Section        0  stm32f4xx_hal_cortex.o(i.HAL_NVIC_EnableIRQ)
    i.HAL_NVIC_SetPriority                   0x08000bdc   Section        0  stm32f4xx_hal_cortex.o(i.HAL_NVIC_SetPriority)
    i.HAL_NVIC_SetPriorityGrouping           0x08000c1c   Section        0  stm32f4xx_hal_cortex.o(i.HAL_NVIC_SetPriorityGrouping)
    i.HAL_RCC_ClockConfig                    0x08000c40   Section        0  stm32f4xx_hal_rcc.o(i.HAL_RCC_ClockConfig)
    i.HAL_RCC_GetPCLK1Freq                   0x08000d74   Section        0  stm32f4xx_hal_rcc.o(i.HAL_RCC_GetPCLK1Freq)
    i.HAL_RCC_GetPCLK2Freq                   0x08000d94   Section        0  stm32f4xx_hal_rcc.o(i.HAL_RCC_GetPCLK2Freq)
    i.HAL_RCC_GetSysClockFreq                0x08000db4   Section        0  stm32f4xx_hal_rcc.o(i.HAL_RCC_GetSysClockFreq)
    i.HAL_RCC_OscConfig                      0x08000e18   Section        0  stm32f4xx_hal_rcc.o(i.HAL_RCC_OscConfig)
    i.HAL_SYSTICK_Config                     0x08001184   Section        0  stm32f4xx_hal_cortex.o(i.HAL_SYSTICK_Config)
    i.HAL_TIMEx_BreakCallback                0x080011ac   Section        0  stm32f4xx_hal_tim_ex.o(i.HAL_TIMEx_BreakCallback)
    i.HAL_TIMEx_CommutCallback               0x080011ae   Section        0  stm32f4xx_hal_tim_ex.o(i.HAL_TIMEx_CommutCallback)
    i.HAL_TIMEx_MasterConfigSynchronization  0x080011b0   Section        0  stm32f4xx_hal_tim_ex.o(i.HAL_TIMEx_MasterConfigSynchronization)
    i.HAL_TIM_Base_Init                      0x08001240   Section        0  stm32f4xx_hal_tim.o(i.HAL_TIM_Base_Init)
    i.HAL_TIM_Base_MspInit                   0x0800129c   Section        0  tim.o(i.HAL_TIM_Base_MspInit)
    i.HAL_TIM_Base_Start_IT                  0x080012d8   Section        0  stm32f4xx_hal_tim.o(i.HAL_TIM_Base_Start_IT)
    i.HAL_TIM_IC_CaptureCallback             0x08001358   Section        0  stm32f4xx_hal_tim.o(i.HAL_TIM_IC_CaptureCallback)
    i.HAL_TIM_IRQHandler                     0x0800135a   Section        0  stm32f4xx_hal_tim.o(i.HAL_TIM_IRQHandler)
    i.HAL_TIM_MspPostInit                    0x080014c0   Section        0  tim.o(i.HAL_TIM_MspPostInit)
    i.HAL_TIM_OC_DelayElapsedCallback        0x08001568   Section        0  stm32f4xx_hal_tim.o(i.HAL_TIM_OC_DelayElapsedCallback)
    i.HAL_TIM_PWM_ConfigChannel              0x0800156a   Section        0  stm32f4xx_hal_tim.o(i.HAL_TIM_PWM_ConfigChannel)
    i.HAL_TIM_PWM_Init                       0x08001636   Section        0  stm32f4xx_hal_tim.o(i.HAL_TIM_PWM_Init)
    i.HAL_TIM_PWM_MspInit                    0x08001690   Section        0  tim.o(i.HAL_TIM_PWM_MspInit)
    i.HAL_TIM_PWM_PulseFinishedCallback      0x080016e8   Section        0  stm32f4xx_hal_tim.o(i.HAL_TIM_PWM_PulseFinishedCallback)
    i.HAL_TIM_PWM_Start                      0x080016ec   Section        0  stm32f4xx_hal_tim.o(i.HAL_TIM_PWM_Start)
    i.HAL_TIM_PeriodElapsedCallback          0x080017b4   Section        0  tim.o(i.HAL_TIM_PeriodElapsedCallback)
    i.HAL_TIM_TriggerCallback                0x08001814   Section        0  stm32f4xx_hal_tim.o(i.HAL_TIM_TriggerCallback)
    i.HAL_UARTEx_RxEventCallback             0x08001816   Section        0  stm32f4xx_hal_uart.o(i.HAL_UARTEx_RxEventCallback)
    i.HAL_UART_ErrorCallback                 0x08001818   Section        0  stm32f4xx_hal_uart.o(i.HAL_UART_ErrorCallback)
    i.HAL_UART_IRQHandler                    0x0800181c   Section        0  stm32f4xx_hal_uart.o(i.HAL_UART_IRQHandler)
    i.HAL_UART_Init                          0x08001a84   Section        0  stm32f4xx_hal_uart.o(i.HAL_UART_Init)
    i.HAL_UART_MspInit                       0x08001ae8   Section        0  usart.o(i.HAL_UART_MspInit)
    i.HAL_UART_Receive_IT                    0x08001c08   Section        0  stm32f4xx_hal_uart.o(i.HAL_UART_Receive_IT)
    i.HAL_UART_RxCpltCallback                0x08001c34   Section        0  usart.o(i.HAL_UART_RxCpltCallback)
    i.HAL_UART_Transmit                      0x08001d38   Section        0  stm32f4xx_hal_uart.o(i.HAL_UART_Transmit)
    i.HAL_UART_TxCpltCallback                0x08001dea   Section        0  stm32f4xx_hal_uart.o(i.HAL_UART_TxCpltCallback)
    i.HardFault_Handler                      0x08001dec   Section        0  stm32f4xx_it.o(i.HardFault_Handler)
    i.MX_GPIO_Init                           0x08001df0   Section        0  gpio.o(i.MX_GPIO_Init)
    i.MX_TIM10_Init                          0x08001f6c   Section        0  tim.o(i.MX_TIM10_Init)
    i.MX_TIM2_Init                           0x08001fa0   Section        0  tim.o(i.MX_TIM2_Init)
    i.MX_TIM3_Init                           0x08002010   Section        0  tim.o(i.MX_TIM3_Init)
    i.MX_TIM4_Init                           0x08002080   Section        0  tim.o(i.MX_TIM4_Init)
    i.MX_UART4_Init                          0x080020f4   Section        0  usart.o(i.MX_UART4_Init)
    i.MX_USART2_UART_Init                    0x08002134   Section        0  usart.o(i.MX_USART2_UART_Init)
    i.MX_USART3_UART_Init                    0x0800216c   Section        0  usart.o(i.MX_USART3_UART_Init)
    i.MemManage_Handler                      0x080021a4   Section        0  stm32f4xx_it.o(i.MemManage_Handler)
    i.NMI_Handler                            0x080021a6   Section        0  stm32f4xx_it.o(i.NMI_Handler)
    i.PWM_bal                                0x080021a8   Section        0  control.o(i.PWM_bal)
    i.PWM_motor                              0x080021c0   Section        0  control.o(i.PWM_motor)
    i.PWM_ser                                0x080021d8   Section        0  control.o(i.PWM_ser)
    i.PendSV_Handler                         0x080021f0   Section        0  stm32f4xx_it.o(i.PendSV_Handler)
    i.Pitch_compute                          0x080021f4   Section        0  balance.o(i.Pitch_compute)
    i.SVC_Handler                            0x080022b4   Section        0  stm32f4xx_it.o(i.SVC_Handler)
    i.SysTick_Handler                        0x080022b6   Section        0  stm32f4xx_it.o(i.SysTick_Handler)
    i.SystemClock_Config                     0x080022bc   Section        0  main.o(i.SystemClock_Config)
    i.SystemInit                             0x08002350   Section        0  system_stm32f4xx.o(i.SystemInit)
    i.TIM1_UP_TIM10_IRQHandler               0x08002360   Section        0  stm32f4xx_it.o(i.TIM1_UP_TIM10_IRQHandler)
    i.TIM_Base_SetConfig                     0x0800236c   Section        0  stm32f4xx_hal_tim.o(i.TIM_Base_SetConfig)
    i.TIM_CCxChannelCmd                      0x08002434   Section        0  stm32f4xx_hal_tim.o(i.TIM_CCxChannelCmd)
    i.TIM_OC1_SetConfig                      0x08002450   Section        0  stm32f4xx_hal_tim.o(i.TIM_OC1_SetConfig)
    TIM_OC1_SetConfig                        0x08002451   Thumb Code    88  stm32f4xx_hal_tim.o(i.TIM_OC1_SetConfig)
    i.TIM_OC2_SetConfig                      0x080024b0   Section        0  stm32f4xx_hal_tim.o(i.TIM_OC2_SetConfig)
    i.TIM_OC3_SetConfig                      0x0800251c   Section        0  stm32f4xx_hal_tim.o(i.TIM_OC3_SetConfig)
    TIM_OC3_SetConfig                        0x0800251d   Thumb Code    96  stm32f4xx_hal_tim.o(i.TIM_OC3_SetConfig)
    i.TIM_OC4_SetConfig                      0x08002584   Section        0  stm32f4xx_hal_tim.o(i.TIM_OC4_SetConfig)
    TIM_OC4_SetConfig                        0x08002585   Thumb Code    70  stm32f4xx_hal_tim.o(i.TIM_OC4_SetConfig)
    i.UART4_IRQHandler                       0x080025d4   Section        0  stm32f4xx_it.o(i.UART4_IRQHandler)
    i.UART_DMAAbortOnError                   0x080025e0   Section        0  stm32f4xx_hal_uart.o(i.UART_DMAAbortOnError)
    UART_DMAAbortOnError                     0x080025e1   Thumb Code    16  stm32f4xx_hal_uart.o(i.UART_DMAAbortOnError)
    i.UART_EndRxTransfer                     0x080025f0   Section        0  stm32f4xx_hal_uart.o(i.UART_EndRxTransfer)
    UART_EndRxTransfer                       0x080025f1   Thumb Code    78  stm32f4xx_hal_uart.o(i.UART_EndRxTransfer)
    i.UART_Receive_IT                        0x0800263e   Section        0  stm32f4xx_hal_uart.o(i.UART_Receive_IT)
    UART_Receive_IT                          0x0800263f   Thumb Code   192  stm32f4xx_hal_uart.o(i.UART_Receive_IT)
    i.UART_SetConfig                         0x08002700   Section        0  stm32f4xx_hal_uart.o(i.UART_SetConfig)
    UART_SetConfig                           0x08002701   Thumb Code   258  stm32f4xx_hal_uart.o(i.UART_SetConfig)
    i.UART_Start_Receive_IT                  0x0800280c   Section        0  stm32f4xx_hal_uart.o(i.UART_Start_Receive_IT)
    i.UART_WaitOnFlagUntilTimeout            0x08002846   Section        0  stm32f4xx_hal_uart.o(i.UART_WaitOnFlagUntilTimeout)
    UART_WaitOnFlagUntilTimeout              0x08002847   Thumb Code   120  stm32f4xx_hal_uart.o(i.UART_WaitOnFlagUntilTimeout)
    i.USART2_IRQHandler                      0x080028c0   Section        0  stm32f4xx_it.o(i.USART2_IRQHandler)
    i.USART3_IRQHandler                      0x080028cc   Section        0  stm32f4xx_it.o(i.USART3_IRQHandler)
    i.UsageFault_Handler                     0x080028d8   Section        0  stm32f4xx_it.o(i.UsageFault_Handler)
    i.__ARM_fpclassify                       0x080028da   Section        0  fpclassify.o(i.__ARM_fpclassify)
    i.__NVIC_SetPriority                     0x0800290a   Section        0  stm32f4xx_hal_cortex.o(i.__NVIC_SetPriority)
    __NVIC_SetPriority                       0x0800290b   Thumb Code    32  stm32f4xx_hal_cortex.o(i.__NVIC_SetPriority)
    i.__hardfp_atan                          0x08002930   Section        0  atan.o(i.__hardfp_atan)
    i.__hardfp_atan2                         0x08002c08   Section        0  atan2.o(i.__hardfp_atan2)
    i.__kernel_poly                          0x08002df8   Section        0  poly.o(i.__kernel_poly)
    i.__mathlib_dbl_infnan                   0x08002ef0   Section        0  dunder.o(i.__mathlib_dbl_infnan)
    i.__mathlib_dbl_infnan2                  0x08002f04   Section        0  dunder.o(i.__mathlib_dbl_infnan2)
    i.__mathlib_dbl_underflow                0x08002f18   Section        0  dunder.o(i.__mathlib_dbl_underflow)
    i.__scatterload_copy                     0x08002f38   Section       14  handlers.o(i.__scatterload_copy)
    i.__scatterload_null                     0x08002f46   Section        2  handlers.o(i.__scatterload_null)
    i.__scatterload_zeroinit                 0x08002f48   Section       14  handlers.o(i.__scatterload_zeroinit)
    i.atan                                   0x08002f56   Section        0  atan.o(i.atan)
    i.balanceControl                         0x08002f68   Section        0  control.o(i.balanceControl)
    i.balance_pid                            0x08002fcc   Section        0  control.o(i.balance_pid)
    i.duty_10ms                              0x08003098   Section        0  tim.o(i.duty_10ms)
    i.duty_20ms                              0x08003104   Section        0  tim.o(i.duty_20ms)
    i.duty_5ms                               0x08003180   Section        0  tim.o(i.duty_5ms)
    i.encoder_balance                        0x0800323c   Section        0  control.o(i.encoder_balance)
    i.fabs                                   0x08003250   Section        0  fabs.o(i.fabs)
    i.get_accdata                            0x08003268   Section        0  seekfree_mpu6050.o(i.get_accdata)
    i.get_gyro                               0x0800329c   Section        0  seekfree_mpu6050.o(i.get_gyro)
    i.key_check                              0x080032d0   Section        0  menu.o(i.key_check)
    i.main                                   0x0800339c   Section        0  main.o(i.main)
    i.motorControl                           0x08003440   Section        0  control.o(i.motorControl)
    i.mpu6050_init                           0x080034a4   Section        0  seekfree_mpu6050.o(i.mpu6050_init)
    i.mpu6050_self1_check                    0x080034fa   Section        0  seekfree_mpu6050.o(i.mpu6050_self1_check)
    i.pitch_pid                              0x08003520   Section        0  control.o(i.pitch_pid)
    i.read_ch                                0x08003584   Section        0  seekfree_iic.o(i.read_ch)
    i.send_ch                                0x08003600   Section        0  seekfree_iic.o(i.send_ch)
    i.servo                                  0x0800368c   Section        0  control.o(i.servo)
    i.servoControl                           0x08003768   Section        0  control.o(i.servoControl)
    i.simiic_delay                           0x0800381c   Section        0  seekfree_iic.o(i.simiic_delay)
    i.simiic_read_reg                        0x08003826   Section        0  seekfree_iic.o(i.simiic_read_reg)
    i.simiic_read_regs                       0x08003868   Section        0  seekfree_iic.o(i.simiic_read_regs)
    i.simiic_sendack                         0x080038c4   Section        0  seekfree_iic.o(i.simiic_sendack)
    i.simiic_start                           0x0800390c   Section        0  seekfree_iic.o(i.simiic_start)
    i.simiic_stop                            0x08003948   Section        0  seekfree_iic.o(i.simiic_stop)
    i.simiic_write_reg                       0x08003988   Section        0  seekfree_iic.o(i.simiic_write_reg)
    .constdata                               0x080039b0   Section       16  system_stm32f4xx.o(.constdata)
    .constdata                               0x080039c0   Section        8  system_stm32f4xx.o(.constdata)
    .constdata                               0x080039c8   Section      152  atan.o(.constdata)
    atanhi                                   0x080039c8   Data          32  atan.o(.constdata)
    atanlo                                   0x080039e8   Data          32  atan.o(.constdata)
    aTodd                                    0x08003a08   Data          40  atan.o(.constdata)
    aTeven                                   0x08003a30   Data          48  atan.o(.constdata)
    .constdata                               0x08003a60   Section        8  qnan.o(.constdata)
    .data                                    0x20000000   Section       12  seekfree_mpu6050.o(.data)
    .data                                    0x2000000c   Section       24  balance.o(.data)
    .data                                    0x20000024   Section        4  balance.o(.data)
    .data                                    0x20000028   Section       76  control.o(.data)
    Encoder                                  0x20000034   Data           4  control.o(.data)
    Encoder_Integral                         0x20000038   Data           4  control.o(.data)
    error                                    0x2000003c   Data           4  control.o(.data)
    .data                                    0x20000074   Section        1  main.o(.data)
    .data                                    0x20000078   Section       16  tim.o(.data)
    .data                                    0x20000088   Section        1  usart.o(.data)
    .data                                    0x2000008c   Section       12  stm32f4xx_hal.o(.data)
    .data                                    0x20000098   Section        4  system_stm32f4xx.o(.data)
    .bss                                     0x2000009c   Section      288  tim.o(.bss)
    .bss                                     0x200001bc   Section      332  usart.o(.bss)
    STACK                                    0x20000308   Section     1024  startup_stm32f407xx.o(STACK)

    Global Symbols

    Symbol Name                              Value     Ov Type        Size  Object(Section)

    BuildAttributes$$THM_ISAv4$E$P$D$K$B$S$7EM$VFPi3$EXTD16$VFPS$VFMA$PE$A:L22UL41UL21$X:L11$S22US41US21$IEEE1$IW$USESV6$~STKCKD$USESV7$~SHL$OTIME$ROPI$IEEEX$EBA8$MICROLIB$REQ8$PRES8$EABIv2 0x00000000   Number         0  anon$$obj.o ABSOLUTE
    __ARM_use_no_argv                        0x00000000   Number         0  main.o ABSOLUTE
    __cpp_initialize__aeabi_                  - Undefined Weak Reference
    __cxa_finalize                            - Undefined Weak Reference
    __decompress                              - Undefined Weak Reference
    _clock_init                               - Undefined Weak Reference
    _microlib_exit                            - Undefined Weak Reference
    __Vectors_Size                           0x00000188   Number         0  startup_stm32f407xx.o ABSOLUTE
    __Vectors                                0x08000000   Data           4  startup_stm32f407xx.o(RESET)
    __Vectors_End                            0x08000188   Data           0  startup_stm32f407xx.o(RESET)
    __main                                   0x08000189   Thumb Code     0  entry.o(.ARM.Collect$$$$00000000)
    _main_stk                                0x08000189   Thumb Code     0  entry2.o(.ARM.Collect$$$$00000001)
    _main_scatterload                        0x0800018d   Thumb Code     0  entry5.o(.ARM.Collect$$$$00000004)
    __main_after_scatterload                 0x08000191   Thumb Code     0  entry5.o(.ARM.Collect$$$$00000004)
    _main_clock                              0x08000191   Thumb Code     0  entry7b.o(.ARM.Collect$$$$00000008)
    _main_cpp_init                           0x08000191   Thumb Code     0  entry8b.o(.ARM.Collect$$$$0000000A)
    _main_init                               0x08000191   Thumb Code     0  entry9a.o(.ARM.Collect$$$$0000000B)
    __rt_final_cpp                           0x08000199   Thumb Code     0  entry10a.o(.ARM.Collect$$$$0000000D)
    __rt_final_exit                          0x08000199   Thumb Code     0  entry11a.o(.ARM.Collect$$$$0000000F)
    Reset_Handler                            0x0800019d   Thumb Code     8  startup_stm32f407xx.o(.text)
    ADC_IRQHandler                           0x080001b7   Thumb Code     0  startup_stm32f407xx.o(.text)
    CAN1_RX0_IRQHandler                      0x080001b7   Thumb Code     0  startup_stm32f407xx.o(.text)
    CAN1_RX1_IRQHandler                      0x080001b7   Thumb Code     0  startup_stm32f407xx.o(.text)
    CAN1_SCE_IRQHandler                      0x080001b7   Thumb Code     0  startup_stm32f407xx.o(.text)
    CAN1_TX_IRQHandler                       0x080001b7   Thumb Code     0  startup_stm32f407xx.o(.text)
    CAN2_RX0_IRQHandler                      0x080001b7   Thumb Code     0  startup_stm32f407xx.o(.text)
    CAN2_RX1_IRQHandler                      0x080001b7   Thumb Code     0  startup_stm32f407xx.o(.text)
    CAN2_SCE_IRQHandler                      0x080001b7   Thumb Code     0  startup_stm32f407xx.o(.text)
    CAN2_TX_IRQHandler                       0x080001b7   Thumb Code     0  startup_stm32f407xx.o(.text)
    DCMI_IRQHandler                          0x080001b7   Thumb Code     0  startup_stm32f407xx.o(.text)
    DMA1_Stream0_IRQHandler                  0x080001b7   Thumb Code     0  startup_stm32f407xx.o(.text)
    DMA1_Stream1_IRQHandler                  0x080001b7   Thumb Code     0  startup_stm32f407xx.o(.text)
    DMA1_Stream2_IRQHandler                  0x080001b7   Thumb Code     0  startup_stm32f407xx.o(.text)
    DMA1_Stream3_IRQHandler                  0x080001b7   Thumb Code     0  startup_stm32f407xx.o(.text)
    DMA1_Stream4_IRQHandler                  0x080001b7   Thumb Code     0  startup_stm32f407xx.o(.text)
    DMA1_Stream5_IRQHandler                  0x080001b7   Thumb Code     0  startup_stm32f407xx.o(.text)
    DMA1_Stream6_IRQHandler                  0x080001b7   Thumb Code     0  startup_stm32f407xx.o(.text)
    DMA1_Stream7_IRQHandler                  0x080001b7   Thumb Code     0  startup_stm32f407xx.o(.text)
    DMA2_Stream0_IRQHandler                  0x080001b7   Thumb Code     0  startup_stm32f407xx.o(.text)
    DMA2_Stream1_IRQHandler                  0x080001b7   Thumb Code     0  startup_stm32f407xx.o(.text)
    DMA2_Stream2_IRQHandler                  0x080001b7   Thumb Code     0  startup_stm32f407xx.o(.text)
    DMA2_Stream3_IRQHandler                  0x080001b7   Thumb Code     0  startup_stm32f407xx.o(.text)
    DMA2_Stream4_IRQHandler                  0x080001b7   Thumb Code     0  startup_stm32f407xx.o(.text)
    DMA2_Stream5_IRQHandler                  0x080001b7   Thumb Code     0  startup_stm32f407xx.o(.text)
    DMA2_Stream6_IRQHandler                  0x080001b7   Thumb Code     0  startup_stm32f407xx.o(.text)
    DMA2_Stream7_IRQHandler                  0x080001b7   Thumb Code     0  startup_stm32f407xx.o(.text)
    ETH_IRQHandler                           0x080001b7   Thumb Code     0  startup_stm32f407xx.o(.text)
    ETH_WKUP_IRQHandler                      0x080001b7   Thumb Code     0  startup_stm32f407xx.o(.text)
    EXTI0_IRQHandler                         0x080001b7   Thumb Code     0  startup_stm32f407xx.o(.text)
    EXTI1_IRQHandler                         0x080001b7   Thumb Code     0  startup_stm32f407xx.o(.text)
    EXTI2_IRQHandler                         0x080001b7   Thumb Code     0  startup_stm32f407xx.o(.text)
    EXTI3_IRQHandler                         0x080001b7   Thumb Code     0  startup_stm32f407xx.o(.text)
    EXTI4_IRQHandler                         0x080001b7   Thumb Code     0  startup_stm32f407xx.o(.text)
    EXTI9_5_IRQHandler                       0x080001b7   Thumb Code     0  startup_stm32f407xx.o(.text)
    FLASH_IRQHandler                         0x080001b7   Thumb Code     0  startup_stm32f407xx.o(.text)
    FMC_IRQHandler                           0x080001b7   Thumb Code     0  startup_stm32f407xx.o(.text)
    FPU_IRQHandler                           0x080001b7   Thumb Code     0  startup_stm32f407xx.o(.text)
    HASH_RNG_IRQHandler                      0x080001b7   Thumb Code     0  startup_stm32f407xx.o(.text)
    I2C1_ER_IRQHandler                       0x080001b7   Thumb Code     0  startup_stm32f407xx.o(.text)
    I2C1_EV_IRQHandler                       0x080001b7   Thumb Code     0  startup_stm32f407xx.o(.text)
    I2C2_ER_IRQHandler                       0x080001b7   Thumb Code     0  startup_stm32f407xx.o(.text)
    I2C2_EV_IRQHandler                       0x080001b7   Thumb Code     0  startup_stm32f407xx.o(.text)
    I2C3_ER_IRQHandler                       0x080001b7   Thumb Code     0  startup_stm32f407xx.o(.text)
    I2C3_EV_IRQHandler                       0x080001b7   Thumb Code     0  startup_stm32f407xx.o(.text)
    OTG_FS_IRQHandler                        0x080001b7   Thumb Code     0  startup_stm32f407xx.o(.text)
    OTG_FS_WKUP_IRQHandler                   0x080001b7   Thumb Code     0  startup_stm32f407xx.o(.text)
    OTG_HS_EP1_IN_IRQHandler                 0x080001b7   Thumb Code     0  startup_stm32f407xx.o(.text)
    OTG_HS_EP1_OUT_IRQHandler                0x080001b7   Thumb Code     0  startup_stm32f407xx.o(.text)
    OTG_HS_IRQHandler                        0x080001b7   Thumb Code     0  startup_stm32f407xx.o(.text)
    OTG_HS_WKUP_IRQHandler                   0x080001b7   Thumb Code     0  startup_stm32f407xx.o(.text)
    PVD_IRQHandler                           0x080001b7   Thumb Code     0  startup_stm32f407xx.o(.text)
    RCC_IRQHandler                           0x080001b7   Thumb Code     0  startup_stm32f407xx.o(.text)
    RTC_Alarm_IRQHandler                     0x080001b7   Thumb Code     0  startup_stm32f407xx.o(.text)
    RTC_WKUP_IRQHandler                      0x080001b7   Thumb Code     0  startup_stm32f407xx.o(.text)
    SDIO_IRQHandler                          0x080001b7   Thumb Code     0  startup_stm32f407xx.o(.text)
    SPI1_IRQHandler                          0x080001b7   Thumb Code     0  startup_stm32f407xx.o(.text)
    SPI2_IRQHandler                          0x080001b7   Thumb Code     0  startup_stm32f407xx.o(.text)
    SPI3_IRQHandler                          0x080001b7   Thumb Code     0  startup_stm32f407xx.o(.text)
    TAMP_STAMP_IRQHandler                    0x080001b7   Thumb Code     0  startup_stm32f407xx.o(.text)
    TIM1_BRK_TIM9_IRQHandler                 0x080001b7   Thumb Code     0  startup_stm32f407xx.o(.text)
    TIM1_CC_IRQHandler                       0x080001b7   Thumb Code     0  startup_stm32f407xx.o(.text)
    TIM1_TRG_COM_TIM11_IRQHandler            0x080001b7   Thumb Code     0  startup_stm32f407xx.o(.text)
    TIM2_IRQHandler                          0x080001b7   Thumb Code     0  startup_stm32f407xx.o(.text)
    TIM3_IRQHandler                          0x080001b7   Thumb Code     0  startup_stm32f407xx.o(.text)
    TIM4_IRQHandler                          0x080001b7   Thumb Code     0  startup_stm32f407xx.o(.text)
    TIM5_IRQHandler                          0x080001b7   Thumb Code     0  startup_stm32f407xx.o(.text)
    TIM6_DAC_IRQHandler                      0x080001b7   Thumb Code     0  startup_stm32f407xx.o(.text)
    TIM7_IRQHandler                          0x080001b7   Thumb Code     0  startup_stm32f407xx.o(.text)
    TIM8_BRK_TIM12_IRQHandler                0x080001b7   Thumb Code     0  startup_stm32f407xx.o(.text)
    TIM8_CC_IRQHandler                       0x080001b7   Thumb Code     0  startup_stm32f407xx.o(.text)
    TIM8_TRG_COM_TIM14_IRQHandler            0x080001b7   Thumb Code     0  startup_stm32f407xx.o(.text)
    TIM8_UP_TIM13_IRQHandler                 0x080001b7   Thumb Code     0  startup_stm32f407xx.o(.text)
    UART5_IRQHandler                         0x080001b7   Thumb Code     0  startup_stm32f407xx.o(.text)
    USART1_IRQHandler                        0x080001b7   Thumb Code     0  startup_stm32f407xx.o(.text)
    USART6_IRQHandler                        0x080001b7   Thumb Code     0  startup_stm32f407xx.o(.text)
    WWDG_IRQHandler                          0x080001b7   Thumb Code     0  startup_stm32f407xx.o(.text)
    __aeabi_uldivmod                         0x080001c1   Thumb Code    98  uldiv.o(.text)
    __aeabi_memset                           0x08000223   Thumb Code    14  memseta.o(.text)
    __aeabi_memset4                          0x08000223   Thumb Code     0  memseta.o(.text)
    __aeabi_memset8                          0x08000223   Thumb Code     0  memseta.o(.text)
    __aeabi_memclr                           0x08000231   Thumb Code     4  memseta.o(.text)
    __aeabi_memclr4                          0x08000231   Thumb Code     0  memseta.o(.text)
    __aeabi_memclr8                          0x08000231   Thumb Code     0  memseta.o(.text)
    _memset$wrapper                          0x08000235   Thumb Code    18  memseta.o(.text)
    __aeabi_dadd                             0x08000247   Thumb Code   322  dadd.o(.text)
    __aeabi_dsub                             0x08000389   Thumb Code     6  dadd.o(.text)
    __aeabi_drsub                            0x0800038f   Thumb Code     6  dadd.o(.text)
    __aeabi_dmul                             0x08000395   Thumb Code   228  dmul.o(.text)
    __aeabi_i2d                              0x08000479   Thumb Code    34  dflti.o(.text)
    __aeabi_f2d                              0x0800049b   Thumb Code    38  f2d.o(.text)
    __aeabi_d2f                              0x080004c1   Thumb Code    56  d2f.o(.text)
    __aeabi_llsl                             0x080004f9   Thumb Code    30  llshl.o(.text)
    _ll_shift_l                              0x080004f9   Thumb Code     0  llshl.o(.text)
    __aeabi_llsr                             0x08000517   Thumb Code    32  llushr.o(.text)
    _ll_ushift_r                             0x08000517   Thumb Code     0  llushr.o(.text)
    __aeabi_lasr                             0x08000537   Thumb Code    36  llsshr.o(.text)
    _ll_sshift_r                             0x08000537   Thumb Code     0  llsshr.o(.text)
    __I$use$fp                               0x0800055b   Thumb Code     0  iusefp.o(.text)
    _float_round                             0x0800055b   Thumb Code    18  fepilogue.o(.text)
    _float_epilogue                          0x0800056d   Thumb Code    92  fepilogue.o(.text)
    _double_round                            0x080005c9   Thumb Code    30  depilogue.o(.text)
    _double_epilogue                         0x080005e7   Thumb Code   156  depilogue.o(.text)
    __aeabi_ddiv                             0x08000683   Thumb Code   222  ddiv.o(.text)
    __scatterload                            0x08000761   Thumb Code    28  init.o(.text)
    __scatterload_rt2                        0x08000761   Thumb Code     0  init.o(.text)
    BusFault_Handler                         0x08000785   Thumb Code     2  stm32f4xx_it.o(i.BusFault_Handler)
    DebugMon_Handler                         0x08000787   Thumb Code     2  stm32f4xx_it.o(i.DebugMon_Handler)
    EXTI15_10_IRQHandler                     0x08000789   Thumb Code    22  stm32f4xx_it.o(i.EXTI15_10_IRQHandler)
    Error_Handler                            0x0800079f   Thumb Code     4  main.o(i.Error_Handler)
    HAL_DMA_Abort                            0x080007a3   Thumb Code   146  stm32f4xx_hal_dma.o(i.HAL_DMA_Abort)
    HAL_DMA_Abort_IT                         0x08000835   Thumb Code    36  stm32f4xx_hal_dma.o(i.HAL_DMA_Abort_IT)
    HAL_Delay                                0x08000859   Thumb Code    32  stm32f4xx_hal.o(i.HAL_Delay)
    HAL_GPIO_EXTI_Callback                   0x0800087d   Thumb Code    86  gpio.o(i.HAL_GPIO_EXTI_Callback)
    HAL_GPIO_EXTI_IRQHandler                 0x080008e5   Thumb Code    18  stm32f4xx_hal_gpio.o(i.HAL_GPIO_EXTI_IRQHandler)
    HAL_GPIO_Init                            0x080008fd   Thumb Code   450  stm32f4xx_hal_gpio.o(i.HAL_GPIO_Init)
    HAL_GPIO_ReadPin                         0x08000aed   Thumb Code    10  stm32f4xx_hal_gpio.o(i.HAL_GPIO_ReadPin)
    HAL_GPIO_WritePin                        0x08000af7   Thumb Code    10  stm32f4xx_hal_gpio.o(i.HAL_GPIO_WritePin)
    HAL_GetTick                              0x08000b01   Thumb Code     6  stm32f4xx_hal.o(i.HAL_GetTick)
    HAL_IncTick                              0x08000b0d   Thumb Code    12  stm32f4xx_hal.o(i.HAL_IncTick)
    HAL_Init                                 0x08000b1d   Thumb Code    48  stm32f4xx_hal.o(i.HAL_Init)
    HAL_InitTick                             0x08000b51   Thumb Code    54  stm32f4xx_hal.o(i.HAL_InitTick)
    HAL_MspInit                              0x08000b91   Thumb Code    42  stm32f4xx_hal_msp.o(i.HAL_MspInit)
    HAL_NVIC_EnableIRQ                       0x08000bc1   Thumb Code    26  stm32f4xx_hal_cortex.o(i.HAL_NVIC_EnableIRQ)
    HAL_NVIC_SetPriority                     0x08000bdd   Thumb Code    60  stm32f4xx_hal_cortex.o(i.HAL_NVIC_SetPriority)
    HAL_NVIC_SetPriorityGrouping             0x08000c1d   Thumb Code    26  stm32f4xx_hal_cortex.o(i.HAL_NVIC_SetPriorityGrouping)
    HAL_RCC_ClockConfig                      0x08000c41   Thumb Code   288  stm32f4xx_hal_rcc.o(i.HAL_RCC_ClockConfig)
    HAL_RCC_GetPCLK1Freq                     0x08000d75   Thumb Code    20  stm32f4xx_hal_rcc.o(i.HAL_RCC_GetPCLK1Freq)
    HAL_RCC_GetPCLK2Freq                     0x08000d95   Thumb Code    20  stm32f4xx_hal_rcc.o(i.HAL_RCC_GetPCLK2Freq)
    HAL_RCC_GetSysClockFreq                  0x08000db5   Thumb Code    88  stm32f4xx_hal_rcc.o(i.HAL_RCC_GetSysClockFreq)
    HAL_RCC_OscConfig                        0x08000e19   Thumb Code   856  stm32f4xx_hal_rcc.o(i.HAL_RCC_OscConfig)
    HAL_SYSTICK_Config                       0x08001185   Thumb Code    40  stm32f4xx_hal_cortex.o(i.HAL_SYSTICK_Config)
    HAL_TIMEx_BreakCallback                  0x080011ad   Thumb Code     2  stm32f4xx_hal_tim_ex.o(i.HAL_TIMEx_BreakCallback)
    HAL_TIMEx_CommutCallback                 0x080011af   Thumb Code     2  stm32f4xx_hal_tim_ex.o(i.HAL_TIMEx_CommutCallback)
    HAL_TIMEx_MasterConfigSynchronization    0x080011b1   Thumb Code   116  stm32f4xx_hal_tim_ex.o(i.HAL_TIMEx_MasterConfigSynchronization)
    HAL_TIM_Base_Init                        0x08001241   Thumb Code    90  stm32f4xx_hal_tim.o(i.HAL_TIM_Base_Init)
    HAL_TIM_Base_MspInit                     0x0800129d   Thumb Code    50  tim.o(i.HAL_TIM_Base_MspInit)
    HAL_TIM_Base_Start_IT                    0x080012d9   Thumb Code   100  stm32f4xx_hal_tim.o(i.HAL_TIM_Base_Start_IT)
    HAL_TIM_IC_CaptureCallback               0x08001359   Thumb Code     2  stm32f4xx_hal_tim.o(i.HAL_TIM_IC_CaptureCallback)
    HAL_TIM_IRQHandler                       0x0800135b   Thumb Code   358  stm32f4xx_hal_tim.o(i.HAL_TIM_IRQHandler)
    HAL_TIM_MspPostInit                      0x080014c1   Thumb Code   148  tim.o(i.HAL_TIM_MspPostInit)
    HAL_TIM_OC_DelayElapsedCallback          0x08001569   Thumb Code     2  stm32f4xx_hal_tim.o(i.HAL_TIM_OC_DelayElapsedCallback)
    HAL_TIM_PWM_ConfigChannel                0x0800156b   Thumb Code   204  stm32f4xx_hal_tim.o(i.HAL_TIM_PWM_ConfigChannel)
    HAL_TIM_PWM_Init                         0x08001637   Thumb Code    90  stm32f4xx_hal_tim.o(i.HAL_TIM_PWM_Init)
    HAL_TIM_PWM_MspInit                      0x08001691   Thumb Code    74  tim.o(i.HAL_TIM_PWM_MspInit)
    HAL_TIM_PWM_PulseFinishedCallback        0x080016e9   Thumb Code     2  stm32f4xx_hal_tim.o(i.HAL_TIM_PWM_PulseFinishedCallback)
    HAL_TIM_PWM_Start                        0x080016ed   Thumb Code   172  stm32f4xx_hal_tim.o(i.HAL_TIM_PWM_Start)
    HAL_TIM_PeriodElapsedCallback            0x080017b5   Thumb Code    88  tim.o(i.HAL_TIM_PeriodElapsedCallback)
    HAL_TIM_TriggerCallback                  0x08001815   Thumb Code     2  stm32f4xx_hal_tim.o(i.HAL_TIM_TriggerCallback)
    HAL_UARTEx_RxEventCallback               0x08001817   Thumb Code     2  stm32f4xx_hal_uart.o(i.HAL_UARTEx_RxEventCallback)
    HAL_UART_ErrorCallback                   0x08001819   Thumb Code     2  stm32f4xx_hal_uart.o(i.HAL_UART_ErrorCallback)
    HAL_UART_IRQHandler                      0x0800181d   Thumb Code   610  stm32f4xx_hal_uart.o(i.HAL_UART_IRQHandler)
    HAL_UART_Init                            0x08001a85   Thumb Code    98  stm32f4xx_hal_uart.o(i.HAL_UART_Init)
    HAL_UART_MspInit                         0x08001ae9   Thumb Code   258  usart.o(i.HAL_UART_MspInit)
    HAL_UART_Receive_IT                      0x08001c09   Thumb Code    42  stm32f4xx_hal_uart.o(i.HAL_UART_Receive_IT)
    HAL_UART_RxCpltCallback                  0x08001c35   Thumb Code   232  usart.o(i.HAL_UART_RxCpltCallback)
    HAL_UART_Transmit                        0x08001d39   Thumb Code   178  stm32f4xx_hal_uart.o(i.HAL_UART_Transmit)
    HAL_UART_TxCpltCallback                  0x08001deb   Thumb Code     2  stm32f4xx_hal_uart.o(i.HAL_UART_TxCpltCallback)
    HardFault_Handler                        0x08001ded   Thumb Code     2  stm32f4xx_it.o(i.HardFault_Handler)
    MX_GPIO_Init                             0x08001df1   Thumb Code   356  gpio.o(i.MX_GPIO_Init)
    MX_TIM10_Init                            0x08001f6d   Thumb Code    44  tim.o(i.MX_TIM10_Init)
    MX_TIM2_Init                             0x08001fa1   Thumb Code   106  tim.o(i.MX_TIM2_Init)
    MX_TIM3_Init                             0x08002011   Thumb Code   104  tim.o(i.MX_TIM3_Init)
    MX_TIM4_Init                             0x08002081   Thumb Code   106  tim.o(i.MX_TIM4_Init)
    MX_UART4_Init                            0x080020f5   Thumb Code    56  usart.o(i.MX_UART4_Init)
    MX_USART2_UART_Init                      0x08002135   Thumb Code    48  usart.o(i.MX_USART2_UART_Init)
    MX_USART3_UART_Init                      0x0800216d   Thumb Code    48  usart.o(i.MX_USART3_UART_Init)
    MemManage_Handler                        0x080021a5   Thumb Code     2  stm32f4xx_it.o(i.MemManage_Handler)
    NMI_Handler                              0x080021a7   Thumb Code     2  stm32f4xx_it.o(i.NMI_Handler)
    PWM_bal                                  0x080021a9   Thumb Code    20  control.o(i.PWM_bal)
    PWM_motor                                0x080021c1   Thumb Code    20  control.o(i.PWM_motor)
    PWM_ser                                  0x080021d9   Thumb Code    20  control.o(i.PWM_ser)
    PendSV_Handler                           0x080021f1   Thumb Code     2  stm32f4xx_it.o(i.PendSV_Handler)
    Pitch_compute                            0x080021f5   Thumb Code   168  balance.o(i.Pitch_compute)
    SVC_Handler                              0x080022b5   Thumb Code     2  stm32f4xx_it.o(i.SVC_Handler)
    SysTick_Handler                          0x080022b7   Thumb Code     4  stm32f4xx_it.o(i.SysTick_Handler)
    SystemClock_Config                       0x080022bd   Thumb Code   140  main.o(i.SystemClock_Config)
    SystemInit                               0x08002351   Thumb Code    12  system_stm32f4xx.o(i.SystemInit)
    TIM1_UP_TIM10_IRQHandler                 0x08002361   Thumb Code     6  stm32f4xx_it.o(i.TIM1_UP_TIM10_IRQHandler)
    TIM_Base_SetConfig                       0x0800236d   Thumb Code   156  stm32f4xx_hal_tim.o(i.TIM_Base_SetConfig)
    TIM_CCxChannelCmd                        0x08002435   Thumb Code    26  stm32f4xx_hal_tim.o(i.TIM_CCxChannelCmd)
    TIM_OC2_SetConfig                        0x080024b1   Thumb Code    98  stm32f4xx_hal_tim.o(i.TIM_OC2_SetConfig)
    UART4_IRQHandler                         0x080025d5   Thumb Code     6  stm32f4xx_it.o(i.UART4_IRQHandler)
    UART_Start_Receive_IT                    0x0800280d   Thumb Code    58  stm32f4xx_hal_uart.o(i.UART_Start_Receive_IT)
    USART2_IRQHandler                        0x080028c1   Thumb Code     6  stm32f4xx_it.o(i.USART2_IRQHandler)
    USART3_IRQHandler                        0x080028cd   Thumb Code     6  stm32f4xx_it.o(i.USART3_IRQHandler)
    UsageFault_Handler                       0x080028d9   Thumb Code     2  stm32f4xx_it.o(i.UsageFault_Handler)
    __ARM_fpclassify                         0x080028db   Thumb Code    48  fpclassify.o(i.__ARM_fpclassify)
    __hardfp_atan                            0x08002931   Thumb Code   622  atan.o(i.__hardfp_atan)
    __hardfp_atan2                           0x08002c09   Thumb Code   432  atan2.o(i.__hardfp_atan2)
    __kernel_poly                            0x08002df9   Thumb Code   248  poly.o(i.__kernel_poly)
    __mathlib_dbl_infnan                     0x08002ef1   Thumb Code    20  dunder.o(i.__mathlib_dbl_infnan)
    __mathlib_dbl_infnan2                    0x08002f05   Thumb Code    20  dunder.o(i.__mathlib_dbl_infnan2)
    __mathlib_dbl_underflow                  0x08002f19   Thumb Code    24  dunder.o(i.__mathlib_dbl_underflow)
    __scatterload_copy                       0x08002f39   Thumb Code    14  handlers.o(i.__scatterload_copy)
    __scatterload_null                       0x08002f47   Thumb Code     2  handlers.o(i.__scatterload_null)
    __scatterload_zeroinit                   0x08002f49   Thumb Code    14  handlers.o(i.__scatterload_zeroinit)
    atan                                     0x08002f57   Thumb Code    16  atan.o(i.atan)
    balanceControl                           0x08002f69   Thumb Code    88  control.o(i.balanceControl)
    balance_pid                              0x08002fcd   Thumb Code   164  control.o(i.balance_pid)
    duty_10ms                                0x08003099   Thumb Code    96  tim.o(i.duty_10ms)
    duty_20ms                                0x08003105   Thumb Code    94  tim.o(i.duty_20ms)
    duty_5ms                                 0x08003181   Thumb Code   164  tim.o(i.duty_5ms)
    encoder_balance                          0x0800323d   Thumb Code    16  control.o(i.encoder_balance)
    fabs                                     0x08003251   Thumb Code    24  fabs.o(i.fabs)
    get_accdata                              0x08003269   Thumb Code    46  seekfree_mpu6050.o(i.get_accdata)
    get_gyro                                 0x0800329d   Thumb Code    46  seekfree_mpu6050.o(i.get_gyro)
    key_check                                0x080032d1   Thumb Code   194  menu.o(i.key_check)
    main                                     0x0800339d   Thumb Code   132  main.o(i.main)
    motorControl                             0x08003441   Thumb Code    88  control.o(i.motorControl)
    mpu6050_init                             0x080034a5   Thumb Code    86  seekfree_mpu6050.o(i.mpu6050_init)
    mpu6050_self1_check                      0x080034fb   Thumb Code    38  seekfree_mpu6050.o(i.mpu6050_self1_check)
    pitch_pid                                0x08003521   Thumb Code    88  control.o(i.pitch_pid)
    read_ch                                  0x08003585   Thumb Code   120  seekfree_iic.o(i.read_ch)
    send_ch                                  0x08003601   Thumb Code   134  seekfree_iic.o(i.send_ch)
    servo                                    0x0800368d   Thumb Code   194  control.o(i.servo)
    servoControl                             0x08003769   Thumb Code   172  control.o(i.servoControl)
    simiic_delay                             0x0800381d   Thumb Code    10  seekfree_iic.o(i.simiic_delay)
    simiic_read_reg                          0x08003827   Thumb Code    66  seekfree_iic.o(i.simiic_read_reg)
    simiic_read_regs                         0x08003869   Thumb Code    92  seekfree_iic.o(i.simiic_read_regs)
    simiic_sendack                           0x080038c5   Thumb Code    68  seekfree_iic.o(i.simiic_sendack)
    simiic_start                             0x0800390d   Thumb Code    56  seekfree_iic.o(i.simiic_start)
    simiic_stop                              0x08003949   Thumb Code    60  seekfree_iic.o(i.simiic_stop)
    simiic_write_reg                         0x08003989   Thumb Code    40  seekfree_iic.o(i.simiic_write_reg)
    AHBPrescTable                            0x080039b0   Data          16  system_stm32f4xx.o(.constdata)
    APBPrescTable                            0x080039c0   Data           8  system_stm32f4xx.o(.constdata)
    __mathlib_zero                           0x08003a60   Data           8  qnan.o(.constdata)
    Region$$Table$$Base                      0x08003a68   Number         0  anon$$obj.o(Region$$Table)
    Region$$Table$$Limit                     0x08003a88   Number         0  anon$$obj.o(Region$$Table)
    mpu_gyro_x                               0x20000000   Data           2  seekfree_mpu6050.o(.data)
    mpu_gyro_y                               0x20000002   Data           2  seekfree_mpu6050.o(.data)
    mpu_gyro_z                               0x20000004   Data           2  seekfree_mpu6050.o(.data)
    mpu_acc_x                                0x20000006   Data           2  seekfree_mpu6050.o(.data)
    mpu_acc_y                                0x20000008   Data           2  seekfree_mpu6050.o(.data)
    mpu_acc_z                                0x2000000a   Data           2  seekfree_mpu6050.o(.data)
    mpu_flag                                 0x2000000c   Data           1  balance.o(.data)
    balance_K                                0x20000010   Data           4  balance.o(.data)
    dt                                       0x20000014   Data           4  balance.o(.data)
    gy                                       0x20000018   Data           4  balance.o(.data)
    pitch                                    0x2000001c   Data           4  balance.o(.data)
    angle_ax                                 0x20000020   Data           4  balance.o(.data)
    pitch_zero                               0x20000024   Data           4  balance.o(.data)
    ser_flag                                 0x20000028   Data           1  control.o(.data)
    turn_flag                                0x20000029   Data           1  control.o(.data)
    cross_num                                0x2000002a   Data           1  control.o(.data)
    cross_enable                             0x2000002b   Data           1  control.o(.data)
    stop_num                                 0x2000002c   Data           1  control.o(.data)
    rx                                       0x2000002d   Data           3  control.o(.data)
    motor_target                             0x20000030   Data           4  control.o(.data)
    motor_pid_sum                            0x20000040   Data           4  control.o(.data)
    motor_encoder                            0x20000044   Data           4  control.o(.data)
    bal_pid_sum                              0x20000048   Data           4  control.o(.data)
    bal_encoder                              0x2000004c   Data           4  control.o(.data)
    vel_pid                                  0x20000050   Data          12  control.o(.data)
    bal_pid                                  0x2000005c   Data          12  control.o(.data)
    pit_pid                                  0x20000068   Data          12  control.o(.data)
    key_v                                    0x20000074   Data           1  main.o(.data)
    stop_flag                                0x20000078   Data           1  tim.o(.data)
    tx_flag                                  0x20000079   Data           1  tim.o(.data)
    motor_stop                               0x2000007a   Data           1  tim.o(.data)
    time                                     0x2000007c   Data           2  tim.o(.data)
    time2                                    0x2000007e   Data           2  tim.o(.data)
    time3                                    0x20000080   Data           2  tim.o(.data)
    servo_time                               0x20000082   Data           2  tim.o(.data)
    i                                        0x20000084   Data           4  tim.o(.data)
    rx_flag                                  0x20000088   Data           1  usart.o(.data)
    uwTickFreq                               0x2000008c   Data           1  stm32f4xx_hal.o(.data)
    uwTickPrio                               0x20000090   Data           4  stm32f4xx_hal.o(.data)
    uwTick                                   0x20000094   Data           4  stm32f4xx_hal.o(.data)
    SystemCoreClock                          0x20000098   Data           4  system_stm32f4xx.o(.data)
    htim2                                    0x2000009c   Data          72  tim.o(.bss)
    htim3                                    0x200000e4   Data          72  tim.o(.bss)
    htim4                                    0x2000012c   Data          72  tim.o(.bss)
    htim10                                   0x20000174   Data          72  tim.o(.bss)
    rx_buf                                   0x200001bc   Data         128  usart.o(.bss)
    huart4                                   0x2000023c   Data          68  usart.o(.bss)
    huart2                                   0x20000280   Data          68  usart.o(.bss)
    huart3                                   0x200002c4   Data          68  usart.o(.bss)
    __initial_sp                             0x20000708   Data           0  startup_stm32f407xx.o(STACK)



==============================================================================

Memory Map of the image

  Image Entry point : 0x08000189

  Load Region LR_IROM1 (Base: 0x08000000, Size: 0x00003b24, Max: 0x00100000, ABSOLUTE)

    Execution Region ER_IROM1 (Exec base: 0x08000000, Load base: 0x08000000, Size: 0x00003a88, Max: 0x00100000, ABSOLUTE)

    Exec Addr    Load Addr    Size         Type   Attr      Idx    E Section Name        Object

    0x08000000   0x08000000   0x00000188   Data   RO            3    RESET               startup_stm32f407xx.o
    0x08000188   0x08000188   0x00000000   Code   RO         3489  * .ARM.Collect$$$$00000000  mc_w.l(entry.o)
    0x08000188   0x08000188   0x00000004   Code   RO         3541    .ARM.Collect$$$$00000001  mc_w.l(entry2.o)
    0x0800018c   0x0800018c   0x00000004   Code   RO         3544    .ARM.Collect$$$$00000004  mc_w.l(entry5.o)
    0x08000190   0x08000190   0x00000000   Code   RO         3546    .ARM.Collect$$$$00000008  mc_w.l(entry7b.o)
    0x08000190   0x08000190   0x00000000   Code   RO         3548    .ARM.Collect$$$$0000000A  mc_w.l(entry8b.o)
    0x08000190   0x08000190   0x00000008   Code   RO         3549    .ARM.Collect$$$$0000000B  mc_w.l(entry9a.o)
    0x08000198   0x08000198   0x00000000   Code   RO         3551    .ARM.Collect$$$$0000000D  mc_w.l(entry10a.o)
    0x08000198   0x08000198   0x00000000   Code   RO         3553    .ARM.Collect$$$$0000000F  mc_w.l(entry11a.o)
    0x08000198   0x08000198   0x00000004   Code   RO         3542    .ARM.Collect$$$$00002712  mc_w.l(entry2.o)
    0x0800019c   0x0800019c   0x00000024   Code   RO            4    .text               startup_stm32f407xx.o
    0x080001c0   0x080001c0   0x00000062   Code   RO         3492    .text               mc_w.l(uldiv.o)
    0x08000222   0x08000222   0x00000024   Code   RO         3494    .text               mc_w.l(memseta.o)
    0x08000246   0x08000246   0x0000014e   Code   RO         3496    .text               mf_w.l(dadd.o)
    0x08000394   0x08000394   0x000000e4   Code   RO         3498    .text               mf_w.l(dmul.o)
    0x08000478   0x08000478   0x00000022   Code   RO         3500    .text               mf_w.l(dflti.o)
    0x0800049a   0x0800049a   0x00000026   Code   RO         3502    .text               mf_w.l(f2d.o)
    0x080004c0   0x080004c0   0x00000038   Code   RO         3504    .text               mf_w.l(d2f.o)
    0x080004f8   0x080004f8   0x0000001e   Code   RO         3555    .text               mc_w.l(llshl.o)
    0x08000516   0x08000516   0x00000020   Code   RO         3557    .text               mc_w.l(llushr.o)
    0x08000536   0x08000536   0x00000024   Code   RO         3559    .text               mc_w.l(llsshr.o)
    0x0800055a   0x0800055a   0x00000000   Code   RO         3568    .text               mc_w.l(iusefp.o)
    0x0800055a   0x0800055a   0x0000006e   Code   RO         3569    .text               mf_w.l(fepilogue.o)
    0x080005c8   0x080005c8   0x000000ba   Code   RO         3571    .text               mf_w.l(depilogue.o)
    0x08000682   0x08000682   0x000000de   Code   RO         3573    .text               mf_w.l(ddiv.o)
    0x08000760   0x08000760   0x00000024   Code   RO         3581    .text               mc_w.l(init.o)
    0x08000784   0x08000784   0x00000002   Code   RO          850    i.BusFault_Handler  stm32f4xx_it.o
    0x08000786   0x08000786   0x00000002   Code   RO          851    i.DebugMon_Handler  stm32f4xx_it.o
    0x08000788   0x08000788   0x00000016   Code   RO          852    i.EXTI15_10_IRQHandler  stm32f4xx_it.o
    0x0800079e   0x0800079e   0x00000004   Code   RO          595    i.Error_Handler     main.o
    0x080007a2   0x080007a2   0x00000092   Code   RO         2415    i.HAL_DMA_Abort     stm32f4xx_hal_dma.o
    0x08000834   0x08000834   0x00000024   Code   RO         2416    i.HAL_DMA_Abort_IT  stm32f4xx_hal_dma.o
    0x08000858   0x08000858   0x00000024   Code   RO         2834    i.HAL_Delay         stm32f4xx_hal.o
    0x0800087c   0x0800087c   0x00000068   Code   RO          637    i.HAL_GPIO_EXTI_Callback  gpio.o
    0x080008e4   0x080008e4   0x00000018   Code   RO         2307    i.HAL_GPIO_EXTI_IRQHandler  stm32f4xx_hal_gpio.o
    0x080008fc   0x080008fc   0x000001f0   Code   RO         2308    i.HAL_GPIO_Init     stm32f4xx_hal_gpio.o
    0x08000aec   0x08000aec   0x0000000a   Code   RO         2310    i.HAL_GPIO_ReadPin  stm32f4xx_hal_gpio.o
    0x08000af6   0x08000af6   0x0000000a   Code   RO         2312    i.HAL_GPIO_WritePin  stm32f4xx_hal_gpio.o
    0x08000b00   0x08000b00   0x0000000c   Code   RO         2840    i.HAL_GetTick       stm32f4xx_hal.o
    0x08000b0c   0x08000b0c   0x00000010   Code   RO         2846    i.HAL_IncTick       stm32f4xx_hal.o
    0x08000b1c   0x08000b1c   0x00000034   Code   RO         2847    i.HAL_Init          stm32f4xx_hal.o
    0x08000b50   0x08000b50   0x00000040   Code   RO         2848    i.HAL_InitTick      stm32f4xx_hal.o
    0x08000b90   0x08000b90   0x00000030   Code   RO          956    i.HAL_MspInit       stm32f4xx_hal_msp.o
    0x08000bc0   0x08000bc0   0x0000001a   Code   RO         2697    i.HAL_NVIC_EnableIRQ  stm32f4xx_hal_cortex.o
    0x08000bda   0x08000bda   0x00000002   PAD
    0x08000bdc   0x08000bdc   0x00000040   Code   RO         2703    i.HAL_NVIC_SetPriority  stm32f4xx_hal_cortex.o
    0x08000c1c   0x08000c1c   0x00000024   Code   RO         2704    i.HAL_NVIC_SetPriorityGrouping  stm32f4xx_hal_cortex.o
    0x08000c40   0x08000c40   0x00000134   Code   RO         1954    i.HAL_RCC_ClockConfig  stm32f4xx_hal_rcc.o
    0x08000d74   0x08000d74   0x00000020   Code   RO         1961    i.HAL_RCC_GetPCLK1Freq  stm32f4xx_hal_rcc.o
    0x08000d94   0x08000d94   0x00000020   Code   RO         1962    i.HAL_RCC_GetPCLK2Freq  stm32f4xx_hal_rcc.o
    0x08000db4   0x08000db4   0x00000064   Code   RO         1963    i.HAL_RCC_GetSysClockFreq  stm32f4xx_hal_rcc.o
    0x08000e18   0x08000e18   0x0000036c   Code   RO         1966    i.HAL_RCC_OscConfig  stm32f4xx_hal_rcc.o
    0x08001184   0x08001184   0x00000028   Code   RO         2708    i.HAL_SYSTICK_Config  stm32f4xx_hal_cortex.o
    0x080011ac   0x080011ac   0x00000002   Code   RO         1686    i.HAL_TIMEx_BreakCallback  stm32f4xx_hal_tim_ex.o
    0x080011ae   0x080011ae   0x00000002   Code   RO         1687    i.HAL_TIMEx_CommutCallback  stm32f4xx_hal_tim_ex.o
    0x080011b0   0x080011b0   0x00000090   Code   RO         1705    i.HAL_TIMEx_MasterConfigSynchronization  stm32f4xx_hal_tim_ex.o
    0x08001240   0x08001240   0x0000005a   Code   RO          982    i.HAL_TIM_Base_Init  stm32f4xx_hal_tim.o
    0x0800129a   0x0800129a   0x00000002   PAD
    0x0800129c   0x0800129c   0x0000003c   Code   RO          668    i.HAL_TIM_Base_MspInit  tim.o
    0x080012d8   0x080012d8   0x00000080   Code   RO          987    i.HAL_TIM_Base_Start_IT  stm32f4xx_hal_tim.o
    0x08001358   0x08001358   0x00000002   Code   RO         1016    i.HAL_TIM_IC_CaptureCallback  stm32f4xx_hal_tim.o
    0x0800135a   0x0800135a   0x00000166   Code   RO         1030    i.HAL_TIM_IRQHandler  stm32f4xx_hal_tim.o
    0x080014c0   0x080014c0   0x000000a8   Code   RO          669    i.HAL_TIM_MspPostInit  tim.o
    0x08001568   0x08001568   0x00000002   Code   RO         1033    i.HAL_TIM_OC_DelayElapsedCallback  stm32f4xx_hal_tim.o
    0x0800156a   0x0800156a   0x000000cc   Code   RO         1054    i.HAL_TIM_PWM_ConfigChannel  stm32f4xx_hal_tim.o
    0x08001636   0x08001636   0x0000005a   Code   RO         1057    i.HAL_TIM_PWM_Init  stm32f4xx_hal_tim.o
    0x08001690   0x08001690   0x00000058   Code   RO          671    i.HAL_TIM_PWM_MspInit  tim.o
    0x080016e8   0x080016e8   0x00000002   Code   RO         1060    i.HAL_TIM_PWM_PulseFinishedCallback  stm32f4xx_hal_tim.o
    0x080016ea   0x080016ea   0x00000002   PAD
    0x080016ec   0x080016ec   0x000000c8   Code   RO         1062    i.HAL_TIM_PWM_Start  stm32f4xx_hal_tim.o
    0x080017b4   0x080017b4   0x00000060   Code   RO          672    i.HAL_TIM_PeriodElapsedCallback  tim.o
    0x08001814   0x08001814   0x00000002   Code   RO         1073    i.HAL_TIM_TriggerCallback  stm32f4xx_hal_tim.o
    0x08001816   0x08001816   0x00000002   Code   RO         3096    i.HAL_UARTEx_RxEventCallback  stm32f4xx_hal_uart.o
    0x08001818   0x08001818   0x00000002   Code   RO         3110    i.HAL_UART_ErrorCallback  stm32f4xx_hal_uart.o
    0x0800181a   0x0800181a   0x00000002   PAD
    0x0800181c   0x0800181c   0x00000268   Code   RO         3113    i.HAL_UART_IRQHandler  stm32f4xx_hal_uart.o
    0x08001a84   0x08001a84   0x00000062   Code   RO         3114    i.HAL_UART_Init     stm32f4xx_hal_uart.o
    0x08001ae6   0x08001ae6   0x00000002   PAD
    0x08001ae8   0x08001ae8   0x00000120   Code   RO          789    i.HAL_UART_MspInit  usart.o
    0x08001c08   0x08001c08   0x0000002a   Code   RO         3119    i.HAL_UART_Receive_IT  stm32f4xx_hal_uart.o
    0x08001c32   0x08001c32   0x00000002   PAD
    0x08001c34   0x08001c34   0x00000104   Code   RO          790    i.HAL_UART_RxCpltCallback  usart.o
    0x08001d38   0x08001d38   0x000000b2   Code   RO         3122    i.HAL_UART_Transmit  stm32f4xx_hal_uart.o
    0x08001dea   0x08001dea   0x00000002   Code   RO         3125    i.HAL_UART_TxCpltCallback  stm32f4xx_hal_uart.o
    0x08001dec   0x08001dec   0x00000002   Code   RO          853    i.HardFault_Handler  stm32f4xx_it.o
    0x08001dee   0x08001dee   0x00000002   PAD
    0x08001df0   0x08001df0   0x0000017c   Code   RO          638    i.MX_GPIO_Init      gpio.o
    0x08001f6c   0x08001f6c   0x00000034   Code   RO          673    i.MX_TIM10_Init     tim.o
    0x08001fa0   0x08001fa0   0x00000070   Code   RO          674    i.MX_TIM2_Init      tim.o
    0x08002010   0x08002010   0x00000070   Code   RO          675    i.MX_TIM3_Init      tim.o
    0x08002080   0x08002080   0x00000074   Code   RO          676    i.MX_TIM4_Init      tim.o
    0x080020f4   0x080020f4   0x00000040   Code   RO          791    i.MX_UART4_Init     usart.o
    0x08002134   0x08002134   0x00000038   Code   RO          792    i.MX_USART2_UART_Init  usart.o
    0x0800216c   0x0800216c   0x00000038   Code   RO          793    i.MX_USART3_UART_Init  usart.o
    0x080021a4   0x080021a4   0x00000002   Code   RO          854    i.MemManage_Handler  stm32f4xx_it.o
    0x080021a6   0x080021a6   0x00000002   Code   RO          855    i.NMI_Handler       stm32f4xx_it.o
    0x080021a8   0x080021a8   0x00000018   Code   RO          477    i.PWM_bal           control.o
    0x080021c0   0x080021c0   0x00000018   Code   RO          478    i.PWM_motor         control.o
    0x080021d8   0x080021d8   0x00000018   Code   RO          479    i.PWM_ser           control.o
    0x080021f0   0x080021f0   0x00000002   Code   RO          856    i.PendSV_Handler    stm32f4xx_it.o
    0x080021f2   0x080021f2   0x00000002   PAD
    0x080021f4   0x080021f4   0x000000c0   Code   RO          428    i.Pitch_compute     balance.o
    0x080022b4   0x080022b4   0x00000002   Code   RO          857    i.SVC_Handler       stm32f4xx_it.o
    0x080022b6   0x080022b6   0x00000004   Code   RO          858    i.SysTick_Handler   stm32f4xx_it.o
    0x080022ba   0x080022ba   0x00000002   PAD
    0x080022bc   0x080022bc   0x00000094   Code   RO          596    i.SystemClock_Config  main.o
    0x08002350   0x08002350   0x00000010   Code   RO         3443    i.SystemInit        system_stm32f4xx.o
    0x08002360   0x08002360   0x0000000c   Code   RO          859    i.TIM1_UP_TIM10_IRQHandler  stm32f4xx_it.o
    0x0800236c   0x0800236c   0x000000c8   Code   RO         1075    i.TIM_Base_SetConfig  stm32f4xx_hal_tim.o
    0x08002434   0x08002434   0x0000001a   Code   RO         1076    i.TIM_CCxChannelCmd  stm32f4xx_hal_tim.o
    0x0800244e   0x0800244e   0x00000002   PAD
    0x08002450   0x08002450   0x00000060   Code   RO         1088    i.TIM_OC1_SetConfig  stm32f4xx_hal_tim.o
    0x080024b0   0x080024b0   0x0000006c   Code   RO         1089    i.TIM_OC2_SetConfig  stm32f4xx_hal_tim.o
    0x0800251c   0x0800251c   0x00000068   Code   RO         1090    i.TIM_OC3_SetConfig  stm32f4xx_hal_tim.o
    0x08002584   0x08002584   0x00000050   Code   RO         1091    i.TIM_OC4_SetConfig  stm32f4xx_hal_tim.o
    0x080025d4   0x080025d4   0x0000000c   Code   RO          860    i.UART4_IRQHandler  stm32f4xx_it.o
    0x080025e0   0x080025e0   0x00000010   Code   RO         3127    i.UART_DMAAbortOnError  stm32f4xx_hal_uart.o
    0x080025f0   0x080025f0   0x0000004e   Code   RO         3137    i.UART_EndRxTransfer  stm32f4xx_hal_uart.o
    0x0800263e   0x0800263e   0x000000c0   Code   RO         3139    i.UART_Receive_IT   stm32f4xx_hal_uart.o
    0x080026fe   0x080026fe   0x00000002   PAD
    0x08002700   0x08002700   0x0000010c   Code   RO         3140    i.UART_SetConfig    stm32f4xx_hal_uart.o
    0x0800280c   0x0800280c   0x0000003a   Code   RO         3142    i.UART_Start_Receive_IT  stm32f4xx_hal_uart.o
    0x08002846   0x08002846   0x00000078   Code   RO         3143    i.UART_WaitOnFlagUntilTimeout  stm32f4xx_hal_uart.o
    0x080028be   0x080028be   0x00000002   PAD
    0x080028c0   0x080028c0   0x0000000c   Code   RO          861    i.USART2_IRQHandler  stm32f4xx_it.o
    0x080028cc   0x080028cc   0x0000000c   Code   RO          862    i.USART3_IRQHandler  stm32f4xx_it.o
    0x080028d8   0x080028d8   0x00000002   Code   RO          863    i.UsageFault_Handler  stm32f4xx_it.o
    0x080028da   0x080028da   0x00000030   Code   RO         3577    i.__ARM_fpclassify  m_wm.l(fpclassify.o)
    0x0800290a   0x0800290a   0x00000020   Code   RO         2710    i.__NVIC_SetPriority  stm32f4xx_hal_cortex.o
    0x0800292a   0x0800292a   0x00000006   PAD
    0x08002930   0x08002930   0x000002d8   Code   RO         3506    i.__hardfp_atan     m_wm.l(atan.o)
    0x08002c08   0x08002c08   0x000001f0   Code   RO         3477    i.__hardfp_atan2    m_wm.l(atan2.o)
    0x08002df8   0x08002df8   0x000000f8   Code   RO         3579    i.__kernel_poly     m_wm.l(poly.o)
    0x08002ef0   0x08002ef0   0x00000014   Code   RO         3521    i.__mathlib_dbl_infnan  m_wm.l(dunder.o)
    0x08002f04   0x08002f04   0x00000014   Code   RO         3522    i.__mathlib_dbl_infnan2  m_wm.l(dunder.o)
    0x08002f18   0x08002f18   0x00000020   Code   RO         3526    i.__mathlib_dbl_underflow  m_wm.l(dunder.o)
    0x08002f38   0x08002f38   0x0000000e   Code   RO         3585    i.__scatterload_copy  mc_w.l(handlers.o)
    0x08002f46   0x08002f46   0x00000002   Code   RO         3586    i.__scatterload_null  mc_w.l(handlers.o)
    0x08002f48   0x08002f48   0x0000000e   Code   RO         3587    i.__scatterload_zeroinit  mc_w.l(handlers.o)
    0x08002f56   0x08002f56   0x00000010   Code   RO         3508    i.atan              m_wm.l(atan.o)
    0x08002f66   0x08002f66   0x00000002   PAD
    0x08002f68   0x08002f68   0x00000064   Code   RO          480    i.balanceControl    control.o
    0x08002fcc   0x08002fcc   0x000000cc   Code   RO          481    i.balance_pid       control.o
    0x08003098   0x08003098   0x0000006c   Code   RO          679    i.duty_10ms         tim.o
    0x08003104   0x08003104   0x0000007c   Code   RO          681    i.duty_20ms         tim.o
    0x08003180   0x08003180   0x000000bc   Code   RO          682    i.duty_5ms          tim.o
    0x0800323c   0x0800323c   0x00000014   Code   RO          482    i.encoder_balance   control.o
    0x08003250   0x08003250   0x00000018   Code   RO         3536    i.fabs              m_wm.l(fabs.o)
    0x08003268   0x08003268   0x00000034   Code   RO          380    i.get_accdata       seekfree_mpu6050.o
    0x0800329c   0x0800329c   0x00000034   Code   RO          381    i.get_gyro          seekfree_mpu6050.o
    0x080032d0   0x080032d0   0x000000cc   Code   RO          272    i.key_check         menu.o
    0x0800339c   0x0800339c   0x000000a4   Code   RO          597    i.main              main.o
    0x08003440   0x08003440   0x00000064   Code   RO          484    i.motorControl      control.o
    0x080034a4   0x080034a4   0x00000056   Code   RO          382    i.mpu6050_init      seekfree_mpu6050.o
    0x080034fa   0x080034fa   0x00000026   Code   RO          383    i.mpu6050_self1_check  seekfree_mpu6050.o
    0x08003520   0x08003520   0x00000064   Code   RO          486    i.pitch_pid         control.o
    0x08003584   0x08003584   0x0000007c   Code   RO          299    i.read_ch           seekfree_iic.o
    0x08003600   0x08003600   0x0000008c   Code   RO          300    i.send_ch           seekfree_iic.o
    0x0800368c   0x0800368c   0x000000dc   Code   RO          487    i.servo             control.o
    0x08003768   0x08003768   0x000000b4   Code   RO          488    i.servoControl      control.o
    0x0800381c   0x0800381c   0x0000000a   Code   RO          301    i.simiic_delay      seekfree_iic.o
    0x08003826   0x08003826   0x00000042   Code   RO          302    i.simiic_read_reg   seekfree_iic.o
    0x08003868   0x08003868   0x0000005c   Code   RO          303    i.simiic_read_regs  seekfree_iic.o
    0x080038c4   0x080038c4   0x00000048   Code   RO          304    i.simiic_sendack    seekfree_iic.o
    0x0800390c   0x0800390c   0x0000003c   Code   RO          305    i.simiic_start      seekfree_iic.o
    0x08003948   0x08003948   0x00000040   Code   RO          306    i.simiic_stop       seekfree_iic.o
    0x08003988   0x08003988   0x00000028   Code   RO          307    i.simiic_write_reg  seekfree_iic.o
    0x080039b0   0x080039b0   0x00000010   Data   RO         3444    .constdata          system_stm32f4xx.o
    0x080039c0   0x080039c0   0x00000008   Data   RO         3445    .constdata          system_stm32f4xx.o
    0x080039c8   0x080039c8   0x00000098   Data   RO         3509    .constdata          m_wm.l(atan.o)
    0x08003a60   0x08003a60   0x00000008   Data   RO         3540    .constdata          m_wm.l(qnan.o)
    0x08003a68   0x08003a68   0x00000020   Data   RO         3583    Region$$Table       anon$$obj.o


    Execution Region RW_IRAM1 (Exec base: 0x20000000, Load base: 0x08003a88, Size: 0x00000708, Max: 0x0001c000, ABSOLUTE)

    Exec Addr    Load Addr    Size         Type   Attr      Idx    E Section Name        Object

    0x20000000   0x08003a88   0x0000000c   Data   RW          384    .data               seekfree_mpu6050.o
    0x2000000c   0x08003a94   0x00000018   Data   RW          430    .data               balance.o
    0x20000024   0x08003aac   0x00000004   Data   RW          431    .data               balance.o
    0x20000028   0x08003ab0   0x0000004c   Data   RW          490    .data               control.o
    0x20000074   0x08003afc   0x00000001   Data   RW          598    .data               main.o
    0x20000075   0x08003afd   0x00000003   PAD
    0x20000078   0x08003b00   0x00000010   Data   RW          685    .data               tim.o
    0x20000088   0x08003b10   0x00000001   Data   RW          796    .data               usart.o
    0x20000089   0x08003b11   0x00000003   PAD
    0x2000008c   0x08003b14   0x0000000c   Data   RW         2854    .data               stm32f4xx_hal.o
    0x20000098   0x08003b20   0x00000004   Data   RW         3446    .data               system_stm32f4xx.o
    0x2000009c        -       0x00000120   Zero   RW          683    .bss                tim.o
    0x200001bc        -       0x0000014c   Zero   RW          795    .bss                usart.o
    0x20000308        -       0x00000400   Zero   RW            1    STACK               startup_stm32f407xx.o


    Execution Region RW_IRAM2 (Exec base: 0x2001c000, Load base: 0x08003b24, Size: 0x00000000, Max: 0x00004000, ABSOLUTE)

    **** No section assigned to this execution region ****


==============================================================================

Image component sizes


      Code (inc. data)   RO Data    RW Data    ZI Data      Debug   Object Name

       192         24          0         28          0        941   balance.o
       996        126          0         76          0       7635   control.o
       484         42          0          0          0       1768   gpio.o
       316         40          0          1          0       2252   main.o
       204         10          0          0          0        976   menu.o
         0          0          0          0          0     689980   seekfree_18tft.o
       668         22          0          0          0       6833   seekfree_iic.o
       228         12          0         12          0       2719   seekfree_mpu6050.o
        36          8        392          0       1024        824   startup_stm32f407xx.o
       180         28          0         12          0       9317   stm32f4xx_hal.o
       198         14          0          0          0      33887   stm32f4xx_hal_cortex.o
       182          0          0          0          0       2067   stm32f4xx_hal_dma.o
       540         52          0          0          0       3430   stm32f4xx_hal_gpio.o
        48          6          0          0          0        810   stm32f4xx_hal_msp.o
      1348         76          0          0          0       5180   stm32f4xx_hal_rcc.o
      1692        136          0          0          0      12844   stm32f4xx_hal_tim.o
       148         28          0          0          0       2417   stm32f4xx_hal_tim_ex.o
      1672         16          0          0          0      11248   stm32f4xx_hal_uart.o
        90         24          0          0          0       6303   stm32f4xx_it.o
        16          4         24          4          0       1071   system_stm32f4xx.o
      1224        150          0         16        288       7812   tim.o
       724         82          0          1        332       4000   usart.o

    ----------------------------------------------------------------------
     11216        900        448        156       1644     814314   Object Totals
         0          0         32          0          0          0   (incl. Generated)
        30          0          0          6          0          0   (incl. Padding)

    ----------------------------------------------------------------------

      Code (inc. data)   RO Data    RW Data    ZI Data      Debug   Library Member Name

       744        106        152          0          0        352   atan.o
       496         64          0          0          0        192   atan2.o
        72          8          0          0          0        372   dunder.o
        24          0          0          0          0        124   fabs.o
        48          0          0          0          0        124   fpclassify.o
       248          0          0          0          0        152   poly.o
         0          0          8          0          0          0   qnan.o
         0          0          0          0          0          0   entry.o
         0          0          0          0          0          0   entry10a.o
         0          0          0          0          0          0   entry11a.o
         8          4          0          0          0          0   entry2.o
         4          0          0          0          0          0   entry5.o
         0          0          0          0          0          0   entry7b.o
         0          0          0          0          0          0   entry8b.o
         8          4          0          0          0          0   entry9a.o
        30          0          0          0          0          0   handlers.o
        36          8          0          0          0         68   init.o
         0          0          0          0          0          0   iusefp.o
        30          0          0          0          0         68   llshl.o
        36          0          0          0          0         68   llsshr.o
        32          0          0          0          0         68   llushr.o
        36          0          0          0          0        108   memseta.o
        98          0          0          0          0         92   uldiv.o
        56          0          0          0          0         88   d2f.o
       334          0          0          0          0        148   dadd.o
       222          0          0          0          0        100   ddiv.o
       186          0          0          0          0        176   depilogue.o
        34          0          0          0          0         76   dflti.o
       228          0          0          0          0         96   dmul.o
        38          0          0          0          0         68   f2d.o
       110          0          0          0          0        168   fepilogue.o

    ----------------------------------------------------------------------
      3160        194        160          0          0       2708   Library Totals
         2          0          0          0          0          0   (incl. Padding)

    ----------------------------------------------------------------------

      Code (inc. data)   RO Data    RW Data    ZI Data      Debug   Library Name

      1632        178        160          0          0       1316   m_wm.l
       318         16          0          0          0        472   mc_w.l
      1208          0          0          0          0        920   mf_w.l

    ----------------------------------------------------------------------
      3160        194        160          0          0       2708   Library Totals

    ----------------------------------------------------------------------

==============================================================================


      Code (inc. data)   RO Data    RW Data    ZI Data      Debug   

     14376       1094        608        156       1644     805154   Grand Totals
     14376       1094        608        156       1644     805154   ELF Image Totals
     14376       1094        608        156          0          0   ROM Totals

==============================================================================

    Total RO  Size (Code + RO Data)                14984 (  14.63kB)
    Total RW  Size (RW Data + ZI Data)              1800 (   1.76kB)
    Total ROM Size (Code + RO Data + RW Data)      15140 (  14.79kB)

==============================================================================

